###############################################################################
#
# IAR ELF Linker V7.60.2.11341/W32 for ARM                24/Jul/2020  14:46:41
# Copyright 2007-2016 IAR Systems AB.
#
#    Output file  =  
#        D:\fzy\code\ST20-QH-HD5.1-v0.13\Debug\Exe\STM32F10X_Demo.out
#    Map file     =  
#        D:\fzy\code\ST20-QH-HD5.1-v0.13\Debug\List\STM32F10X_Demo.map
#    Command line =  
#        D:\fzy\code\ST20-QH-HD5.1-v0.13\Debug\Obj\24cxx.o
#        D:\fzy\code\ST20-QH-HD5.1-v0.13\Debug\Obj\74hc405x.o
#        D:\fzy\code\ST20-QH-HD5.1-v0.13\Debug\Obj\adc.o
#        D:\fzy\code\ST20-QH-HD5.1-v0.13\Debug\Obj\ai.o
#        D:\fzy\code\ST20-QH-HD5.1-v0.13\Debug\Obj\app_hooks.o
#        D:\fzy\code\ST20-QH-HD5.1-v0.13\Debug\Obj\bsp.o
#        D:\fzy\code\ST20-QH-HD5.1-v0.13\Debug\Obj\bsp_int.o
#        D:\fzy\code\ST20-QH-HD5.1-v0.13\Debug\Obj\bsp_os.o
#        D:\fzy\code\ST20-QH-HD5.1-v0.13\Debug\Obj\calculate.o
#        D:\fzy\code\ST20-QH-HD5.1-v0.13\Debug\Obj\cpu_a.o
#        D:\fzy\code\ST20-QH-HD5.1-v0.13\Debug\Obj\cpu_c.o
#        D:\fzy\code\ST20-QH-HD5.1-v0.13\Debug\Obj\cpu_core.o
#        D:\fzy\code\ST20-QH-HD5.1-v0.13\Debug\Obj\dac.o
#        D:\fzy\code\ST20-QH-HD5.1-v0.13\Debug\Obj\delay.o
#        D:\fzy\code\ST20-QH-HD5.1-v0.13\Debug\Obj\di.o
#        D:\fzy\code\ST20-QH-HD5.1-v0.13\Debug\Obj\do.o
#        D:\fzy\code\ST20-QH-HD5.1-v0.13\Debug\Obj\iwdg.o
#        D:\fzy\code\ST20-QH-HD5.1-v0.13\Debug\Obj\led.o
#        D:\fzy\code\ST20-QH-HD5.1-v0.13\Debug\Obj\lib_ascii.o
#        D:\fzy\code\ST20-QH-HD5.1-v0.13\Debug\Obj\lib_math.o
#        D:\fzy\code\ST20-QH-HD5.1-v0.13\Debug\Obj\lib_mem.o
#        D:\fzy\code\ST20-QH-HD5.1-v0.13\Debug\Obj\lib_mem_a.o
#        D:\fzy\code\ST20-QH-HD5.1-v0.13\Debug\Obj\lib_str.o
#        D:\fzy\code\ST20-QH-HD5.1-v0.13\Debug\Obj\main.o
#        D:\fzy\code\ST20-QH-HD5.1-v0.13\Debug\Obj\mb.o
#        D:\fzy\code\ST20-QH-HD5.1-v0.13\Debug\Obj\mb2.o
#        D:\fzy\code\ST20-QH-HD5.1-v0.13\Debug\Obj\mb2funcholding.o
#        D:\fzy\code\ST20-QH-HD5.1-v0.13\Debug\Obj\mb2rtu.o
#        D:\fzy\code\ST20-QH-HD5.1-v0.13\Debug\Obj\mb3.o
#        D:\fzy\code\ST20-QH-HD5.1-v0.13\Debug\Obj\mb3funcholding.o
#        D:\fzy\code\ST20-QH-HD5.1-v0.13\Debug\Obj\mb3rtu.o
#        D:\fzy\code\ST20-QH-HD5.1-v0.13\Debug\Obj\mbascii.o
#        D:\fzy\code\ST20-QH-HD5.1-v0.13\Debug\Obj\mbcrc.o
#        D:\fzy\code\ST20-QH-HD5.1-v0.13\Debug\Obj\mbfunccoils.o
#        D:\fzy\code\ST20-QH-HD5.1-v0.13\Debug\Obj\mbfuncdiag.o
#        D:\fzy\code\ST20-QH-HD5.1-v0.13\Debug\Obj\mbfuncdisc.o
#        D:\fzy\code\ST20-QH-HD5.1-v0.13\Debug\Obj\mbfuncholding.o
#        D:\fzy\code\ST20-QH-HD5.1-v0.13\Debug\Obj\mbfuncinput.o
#        D:\fzy\code\ST20-QH-HD5.1-v0.13\Debug\Obj\mbfuncother.o
#        D:\fzy\code\ST20-QH-HD5.1-v0.13\Debug\Obj\mbrtu.o
#        D:\fzy\code\ST20-QH-HD5.1-v0.13\Debug\Obj\mbutils.o
#        D:\fzy\code\ST20-QH-HD5.1-v0.13\Debug\Obj\mcp3421.o
#        D:\fzy\code\ST20-QH-HD5.1-v0.13\Debug\Obj\misc.o
#        D:\fzy\code\ST20-QH-HD5.1-v0.13\Debug\Obj\my_modbus.o
#        D:\fzy\code\ST20-QH-HD5.1-v0.13\Debug\Obj\os_core.o
#        D:\fzy\code\ST20-QH-HD5.1-v0.13\Debug\Obj\os_cpu_a.o
#        D:\fzy\code\ST20-QH-HD5.1-v0.13\Debug\Obj\os_cpu_c.o
#        D:\fzy\code\ST20-QH-HD5.1-v0.13\Debug\Obj\os_dbg.o
#        D:\fzy\code\ST20-QH-HD5.1-v0.13\Debug\Obj\os_flag.o
#        D:\fzy\code\ST20-QH-HD5.1-v0.13\Debug\Obj\os_mbox.o
#        D:\fzy\code\ST20-QH-HD5.1-v0.13\Debug\Obj\os_mem.o
#        D:\fzy\code\ST20-QH-HD5.1-v0.13\Debug\Obj\os_mutex.o
#        D:\fzy\code\ST20-QH-HD5.1-v0.13\Debug\Obj\os_q.o
#        D:\fzy\code\ST20-QH-HD5.1-v0.13\Debug\Obj\os_sem.o
#        D:\fzy\code\ST20-QH-HD5.1-v0.13\Debug\Obj\os_task.o
#        D:\fzy\code\ST20-QH-HD5.1-v0.13\Debug\Obj\os_time.o
#        D:\fzy\code\ST20-QH-HD5.1-v0.13\Debug\Obj\os_tmr.o
#        D:\fzy\code\ST20-QH-HD5.1-v0.13\Debug\Obj\port.o
#        D:\fzy\code\ST20-QH-HD5.1-v0.13\Debug\Obj\port2.o
#        D:\fzy\code\ST20-QH-HD5.1-v0.13\Debug\Obj\port2event.o
#        D:\fzy\code\ST20-QH-HD5.1-v0.13\Debug\Obj\port2serial.o
#        D:\fzy\code\ST20-QH-HD5.1-v0.13\Debug\Obj\port2timer.o
#        D:\fzy\code\ST20-QH-HD5.1-v0.13\Debug\Obj\port3.o
#        D:\fzy\code\ST20-QH-HD5.1-v0.13\Debug\Obj\port3event.o
#        D:\fzy\code\ST20-QH-HD5.1-v0.13\Debug\Obj\port3serial.o
#        D:\fzy\code\ST20-QH-HD5.1-v0.13\Debug\Obj\port3timer.o
#        D:\fzy\code\ST20-QH-HD5.1-v0.13\Debug\Obj\portevent.o
#        D:\fzy\code\ST20-QH-HD5.1-v0.13\Debug\Obj\portserial.o
#        D:\fzy\code\ST20-QH-HD5.1-v0.13\Debug\Obj\porttimer.o
#        D:\fzy\code\ST20-QH-HD5.1-v0.13\Debug\Obj\qihou.o
#        D:\fzy\code\ST20-QH-HD5.1-v0.13\Debug\Obj\qihou_para.o
#        D:\fzy\code\ST20-QH-HD5.1-v0.13\Debug\Obj\rs485_1.o
#        D:\fzy\code\ST20-QH-HD5.1-v0.13\Debug\Obj\rs485_2.o
#        D:\fzy\code\ST20-QH-HD5.1-v0.13\Debug\Obj\rs485_3.o
#        D:\fzy\code\ST20-QH-HD5.1-v0.13\Debug\Obj\rx8025.o
#        D:\fzy\code\ST20-QH-HD5.1-v0.13\Debug\Obj\sim_i2c.o
#        D:\fzy\code\ST20-QH-HD5.1-v0.13\Debug\Obj\startup_stm32f10x_hd.o
#        D:\fzy\code\ST20-QH-HD5.1-v0.13\Debug\Obj\stm32f10x_adc.o
#        D:\fzy\code\ST20-QH-HD5.1-v0.13\Debug\Obj\stm32f10x_bkp.o
#        D:\fzy\code\ST20-QH-HD5.1-v0.13\Debug\Obj\stm32f10x_can.o
#        D:\fzy\code\ST20-QH-HD5.1-v0.13\Debug\Obj\stm32f10x_cec.o
#        D:\fzy\code\ST20-QH-HD5.1-v0.13\Debug\Obj\stm32f10x_crc.o
#        D:\fzy\code\ST20-QH-HD5.1-v0.13\Debug\Obj\stm32f10x_dac.o
#        D:\fzy\code\ST20-QH-HD5.1-v0.13\Debug\Obj\stm32f10x_dbgmcu.o
#        D:\fzy\code\ST20-QH-HD5.1-v0.13\Debug\Obj\stm32f10x_dma.o
#        D:\fzy\code\ST20-QH-HD5.1-v0.13\Debug\Obj\stm32f10x_exti.o
#        D:\fzy\code\ST20-QH-HD5.1-v0.13\Debug\Obj\stm32f10x_flash.o
#        D:\fzy\code\ST20-QH-HD5.1-v0.13\Debug\Obj\stm32f10x_fsmc.o
#        D:\fzy\code\ST20-QH-HD5.1-v0.13\Debug\Obj\stm32f10x_gpio.o
#        D:\fzy\code\ST20-QH-HD5.1-v0.13\Debug\Obj\stm32f10x_i2c.o
#        D:\fzy\code\ST20-QH-HD5.1-v0.13\Debug\Obj\stm32f10x_it.o
#        D:\fzy\code\ST20-QH-HD5.1-v0.13\Debug\Obj\stm32f10x_iwdg.o
#        D:\fzy\code\ST20-QH-HD5.1-v0.13\Debug\Obj\stm32f10x_pwr.o
#        D:\fzy\code\ST20-QH-HD5.1-v0.13\Debug\Obj\stm32f10x_rcc.o
#        D:\fzy\code\ST20-QH-HD5.1-v0.13\Debug\Obj\stm32f10x_rtc.o
#        D:\fzy\code\ST20-QH-HD5.1-v0.13\Debug\Obj\stm32f10x_sdio.o
#        D:\fzy\code\ST20-QH-HD5.1-v0.13\Debug\Obj\stm32f10x_spi.o
#        D:\fzy\code\ST20-QH-HD5.1-v0.13\Debug\Obj\stm32f10x_tim.o
#        D:\fzy\code\ST20-QH-HD5.1-v0.13\Debug\Obj\stm32f10x_usart.o
#        D:\fzy\code\ST20-QH-HD5.1-v0.13\Debug\Obj\stm32f10x_wwdg.o
#        D:\fzy\code\ST20-QH-HD5.1-v0.13\Debug\Obj\system_stm32f10x.o
#        D:\fzy\code\ST20-QH-HD5.1-v0.13\Debug\Obj\timer.o
#        D:\fzy\code\ST20-QH-HD5.1-v0.13\Debug\Obj\wrappers.o --redirect
#        _Printf=_PrintfFull --redirect _Scanf=_ScanfFull -o
#        D:\fzy\code\ST20-QH-HD5.1-v0.13\Debug\Exe\STM32F10X_Demo.out --map
#        D:\fzy\code\ST20-QH-HD5.1-v0.13\Debug\List\STM32F10X_Demo.map --config
#        "C:\Program Files (x86)\IAR Systems\Embedded Workbench
#        7.4\arm\config\linker\ST\stm32f103xE.icf" --semihosting --entry
#        __iar_program_start --vfe
#
###############################################################################

*******************************************************************************
*** RUNTIME MODEL ATTRIBUTES
***

CppFlavor       = *
__SystemLibrary = DLib


*******************************************************************************
*** PLACEMENT SUMMARY
***

"A1":  place at 0x08000000 { ro section .intvec };
"P1":  place in [from 0x08000000 to 0x0807ffff] { ro };
"P2":  place in [from 0x20000000 to 0x2000ffff] { rw, block CSTACK, block HEAP };
initialize by copy { rw };

  Section            Kind        Address    Size  Object
  -------            ----        -------    ----  ------
"A1":                                      0x130
  .intvec            ro code  0x08000000   0x130  startup_stm32f10x_hd.o [1]
                            - 0x08000130   0x130

"P1":                                     0x8ab0
  .text              ro code  0x08000130   0x9c0  os_core.o [1]
  CODE               ro code  0x08000af0    0xac  os_cpu_a.o [1]
  .text              ro code  0x08000b9c   0x160  os_cpu_c.o [1]
  .text              ro code  0x08000cfc    0x82  os_flag.o [1]
  .text              ro code  0x08000d7e     0xe  stm32f10x_it.o [1]
  .text              ro code  0x08000d8c    0x60  os_mem.o [1]
  .text              ro code  0x08000dec    0x54  os_q.o [1]
  .text              ro code  0x08000e40   0x250  os_tmr.o [1]
  .text              ro code  0x08001090   0x158  os_dbg.o [1]
  .text              ro code  0x080011e8    0xc8  os_time.o [1]
  .text              ro code  0x080012b0   0x3f8  os_task.o [1]
  .text              ro code  0x080016a8    0x10  app_hooks.o [1]
  .text              ro code  0x080016b8   0x19e  os_sem.o [1]
  .rodata            const    0x08001856     0x2  os_dbg.o [1]
  .text              ro code  0x08001858   0x888  qihou.o [1]
  .text              ro code  0x080020e0   0x2ca  calculate.o [1]
  .rodata            const    0x080023aa     0x2  os_dbg.o [1]
  .text              ro code  0x080023ac    0xd8  FltMul.o [4]
  .text              ro code  0x08002484    0xe6  FltSub.o [4]
  .rodata            const    0x0800256a     0x2  os_dbg.o [1]
  .text              ro code  0x0800256c    0x84  FltAdd.o [4]
  .text              ro code  0x080025f0    0x24  FltCmpLe.o [4]
  .text              ro code  0x08002614    0x4e  FltToDbl.o [4]
  .rodata            const    0x08002662     0x2  os_dbg.o [1]
  .text              ro code  0x08002664   0x1a2  DblMul.o [4]
  .rodata            const    0x08002806     0x2  os_dbg.o [1]
  .text              ro code  0x08002808    0xe8  DblAdd.o [4]
  .text              ro code  0x080028f0   0x180  DblSub.o [4]
  .text              ro code  0x08002a70    0x90  DblToFlt.o [4]
  .text              ro code  0x08002b00    0x24  FltCmpGe.o [4]
  .text              ro code  0x08002b24    0x44  FltToS32.o [4]
  .text              ro code  0x08002b68    0xfc  FltDiv.o [4]
  .text              ro code  0x08002c64    0x32  I32ToFlt.o [4]
  .rodata            const    0x08002c96     0x2  os_dbg.o [1]
  .text              ro code  0x08002c98   0x456  dac.o [1]
  .rodata            const    0x080030ee     0x2  os_dbg.o [1]
  .text              ro code  0x080030f0    0xe4  timer.o [1]
  .text              ro code  0x080031d4   0x23c  ai.o [1]
  .text              ro code  0x08003410    0x76  ABImemcpy_unaligned.o [5]
  .rodata            const    0x08003486     0x2  os_dbg.o [1]
  .text              ro code  0x08003488    0x58  DblToI32.o [4]
  .text              ro code  0x080034e0   0x184  stm32f10x_rcc.o [1]
  .text              ro code  0x08003664    0xe2  stm32f10x_gpio.o [1]
  .rodata            const    0x08003746     0x2  os_dbg.o [1]
  .text              ro code  0x08003748    0x98  stm32f10x_dac.o [1]
  .text              ro code  0x080037e0    0x2c  I32ToDbl.o [4]
  .text              ro code  0x0800380c    0xb4  porttimer.o [1]
  .text              ro code  0x080038c0   0x318  stm32f10x_tim.o [1]
  .text              ro code  0x08003bd8    0x34  port2timer.o [1]
  .text              ro code  0x08003c0c    0x10  port3timer.o [1]
  .text              ro code  0x08003c1c    0x90  misc.o [1]
  .text              ro code  0x08003cac    0x2e  DblCmpLe.o [4]
  .rodata            const    0x08003cda     0x2  os_dbg.o [1]
  .text              ro code  0x08003cdc   0x256  DblDiv.o [4]
  .rodata            const    0x08003f32     0x2  os_dbg.o [1]
  .text              ro code  0x08003f34   0x7ac  sim_i2c.o [1]
  .text              ro code  0x080046e0    0xb0  delay.o [1]
  .text              ro code  0x08004790   0x484  mb2rtu.o [1]
  .text              ro code  0x08004c14   0x1a8  stm32f10x_dma.o [1]
  .text              ro code  0x08004dbc   0x1fe  stm32f10x_usart.o [1]
  .rodata            const    0x08004fba     0x2  os_dbg.o [1]
  .text              ro code  0x08004fbc    0x88  port2serial.o [1]
  .text              ro code  0x08005044    0x40  port2event.o [1]
  .text              ro code  0x08005084    0x68  rs485_2.o [1]
  .text              ro code  0x080050ec   0x3f4  adc.o [1]
  .text              ro code  0x080054e0   0x134  mcp3421.o [1]
  .text              ro code  0x08005614    0x24  wrappers.o [1]
  .text              ro code  0x08005638   0x380  qihou_para.o [1]
  .text              ro code  0x080059b8     0x6  ABImemclr4.o [5]
  .rodata            const    0x080059be     0x2  os_dbg.o [1]
  .text              ro code  0x080059c0    0x66  ABImemset.o [5]
  .text              ro code  0x08005a26   0x256  24cxx.o [1]
  .text              ro code  0x08005c7c    0x94  iwdg.o [1]
  .text              ro code  0x08005d10    0x32  ABImemset48.o [5]
  .rodata            const    0x08005d42     0x2  os_dbg.o [1]
  .text              ro code  0x08005d44    0x38  stm32f10x_iwdg.o [1]
  .text              ro code  0x08005d7c   0x354  mbrtu.o [1]
  .text              ro code  0x080060d0    0xac  portserial.o [1]
  .text              ro code  0x0800617c    0x24  ABIassert.o [6]
  .text              ro code  0x080061a0    0x3c  mbcrc.o [1]
  .text              ro code  0x080061dc   0x214  rs485_1.o [1]
  .text              ro code  0x080063f0    0x40  portevent.o [1]
  .text              ro code  0x08006430     0x6  abort.o [3]
  .rodata            const    0x08006436     0x2  os_dbg.o [1]
  .text              ro code  0x08006438    0x14  exit.o [6]
  .text              ro code  0x0800644c   0x324  di.o [1]
  .text              ro code  0x08006770   0x27c  mb.o [1]
  .text              ro code  0x080069ec   0x270  my_modbus.o [1]
  .text              ro code  0x08006c5c   0x1f2  rx8025.o [1]
  .rodata            const    0x08006e4e     0x2  os_dbg.o [1]
  .text              ro code  0x08006e50   0x222  main.o [1]
  .rodata            const    0x08007072     0x2  os_dbg.o [1]
  .text              ro code  0x08007074     0x8  bsp_int.o [1]
  .text              ro code  0x0800707c    0x30  cpu_core.o [1]
  .text              ro code  0x080070ac   0x164  bsp.o [1]
  .text              ro code  0x08007210    0xcc  lib_mem.o [1]
  .text              ro code  0x080072dc   0x1fe  mb2.o [1]
  .rodata            const    0x080074da     0x2  os_dbg.o [1]
  .text              ro code  0x080074dc   0x19c  do.o [1]
  .text              ro code  0x08007678   0x118  74hc405x.o [1]
  .text              ro code  0x08007790    0xb0  led.o [1]
  CODE               ro code  0x08007840    0x34  cpu_a.o [1]
  .text              ro code  0x08007874    0x52  port.o [1]
  .text              ro code  0x080078c6    0x22  port2.o [1]
  .text              ro code  0x080078e8    0x40  port3.o [1]
  .text              ro code  0x08007928   0x1b2  mb2funcholding.o [1]
  .text              ro code  0x08007ada   0x1ee  mbfuncholding.o [1]
  .text              ro code  0x08007cc8    0x22  mbutils.o [1]
  .text              ro code  0x08007cea   0x178  mbfunccoils.o [1]
  .rodata            const    0x08007e62     0x2  os_dbg.o [1]
  .text              ro code  0x08007e64   0x158  system_stm32f10x.o [1]
  .rodata            const    0x08007fbc   0x148  dac.o [1]
  .rodata            const    0x08008104   0x100  mbcrc.o [1]
  .rodata            const    0x08008204   0x100  mbcrc.o [1]
  .rodata            const    0x08008304   0x100  os_core.o [1]
  .text              ro code  0x08008404    0xb4  rs485_3.o [1]
  .text              ro code  0x080084b8    0x20  port3serial.o [1]
  .text              ro code  0x080084d8    0x8e  mbfuncdisc.o [1]
  .text              ro code  0x08008566    0x7c  mbfuncinput.o [1]
  .text              ro code  0x080085e2    0x78  lz77_init_single.o [5]
  .rodata            const    0x0800865a     0x2  os_dbg.o [1]
  .rodata            const    0x0800865c    0x64  mbrtu.o [1]
  .text              ro code  0x080086c0    0x40  zero_init3.o [5]
  .rodata            const    0x08008700    0x3c  mbrtu.o [1]
  .rodata            const    0x0800873c    0x28  mbrtu.o [1]
  .text              ro code  0x08008764    0x28  mbfuncother.o [1]
  .text              ro code  0x0800878c    0x28  data_init.o [5]
  .iar.init_table    const    0x080087b4    0x20  - Linker created -
  .rodata            const    0x080087d4    0x1c  mbrtu.o [1]
  .rodata            const    0x080087f0    0x1c  mbrtu.o [1]
  .text              ro code  0x0800880c    0x1a  cmain.o [5]
  .text              ro code  0x08008826     0x4  low_level_init.o [3]
  .text              ro code  0x0800882a     0x4  exit.o [3]
  .rodata            const    0x0800882e     0x2  os_dbg.o [1]
  .text              ro code  0x08008830     0xa  cexit.o [5]
  .rodata            const    0x0800883a     0x2  os_dbg.o [1]
  .rodata            const    0x0800883c    0x14  os_tmr.o [1]
  .rodata            const    0x08008850    0x14  os_tmr.o [1]
  .rodata            const    0x08008864    0x10  os_core.o [1]
  .rodata            const    0x08008874    0x10  os_core.o [1]
  .rodata            const    0x08008884    0x10  os_tmr.o [1]
  .text              ro code  0x08008894    0x10  startup_stm32f10x_hd.o [1]
  .rodata            const    0x080088a4     0xc  main.o [1]
  .rodata            const    0x080088b0     0xc  mb.o [1]
  .text              ro code  0x080088bc     0xc  cstartup_M.o [5]
  .rodata            const    0x080088c8     0x4  os_dbg.o [1]
  .rodata            const    0x080088cc     0x4  rx8025.o [1]
  .text              ro code  0x080088d0     0x4  startup_stm32f10x_hd.o [1]
  .text              ro code  0x080088d4     0x4  startup_stm32f10x_hd.o [1]
  .text              ro code  0x080088d8     0x4  startup_stm32f10x_hd.o [1]
  .text              ro code  0x080088dc     0x4  startup_stm32f10x_hd.o [1]
  .text              ro code  0x080088e0     0x4  startup_stm32f10x_hd.o [1]
  .text              ro code  0x080088e4     0x4  startup_stm32f10x_hd.o [1]
  .text              ro code  0x080088e8     0x4  startup_stm32f10x_hd.o [1]
  .text              ro code  0x080088ec     0x4  startup_stm32f10x_hd.o [1]
  .text              ro code  0x080088f0     0x4  startup_stm32f10x_hd.o [1]
  .text              ro code  0x080088f4     0x4  startup_stm32f10x_hd.o [1]
  .text              ro code  0x080088f8     0x4  startup_stm32f10x_hd.o [1]
  .text              ro code  0x080088fc     0x4  startup_stm32f10x_hd.o [1]
  .text              ro code  0x08008900     0x4  startup_stm32f10x_hd.o [1]
  .text              ro code  0x08008904     0x4  startup_stm32f10x_hd.o [1]
  .text              ro code  0x08008908     0x4  startup_stm32f10x_hd.o [1]
  .text              ro code  0x0800890c     0x4  startup_stm32f10x_hd.o [1]
  .text              ro code  0x08008910     0x4  startup_stm32f10x_hd.o [1]
  .text              ro code  0x08008914     0x4  startup_stm32f10x_hd.o [1]
  .text              ro code  0x08008918     0x4  startup_stm32f10x_hd.o [1]
  .text              ro code  0x0800891c     0x4  startup_stm32f10x_hd.o [1]
  .text              ro code  0x08008920     0x4  startup_stm32f10x_hd.o [1]
  .text              ro code  0x08008924     0x4  startup_stm32f10x_hd.o [1]
  .text              ro code  0x08008928     0x4  startup_stm32f10x_hd.o [1]
  .text              ro code  0x0800892c     0x4  startup_stm32f10x_hd.o [1]
  .text              ro code  0x08008930     0x4  startup_stm32f10x_hd.o [1]
  .text              ro code  0x08008934     0x4  startup_stm32f10x_hd.o [1]
  .text              ro code  0x08008938     0x4  startup_stm32f10x_hd.o [1]
  .text              ro code  0x0800893c     0x4  startup_stm32f10x_hd.o [1]
  .text              ro code  0x08008940     0x4  startup_stm32f10x_hd.o [1]
  .text              ro code  0x08008944     0x4  startup_stm32f10x_hd.o [1]
  .text              ro code  0x08008948     0x4  startup_stm32f10x_hd.o [1]
  .text              ro code  0x0800894c     0x4  startup_stm32f10x_hd.o [1]
  .text              ro code  0x08008950     0x4  startup_stm32f10x_hd.o [1]
  .text              ro code  0x08008954     0x4  startup_stm32f10x_hd.o [1]
  .text              ro code  0x08008958     0x4  startup_stm32f10x_hd.o [1]
  .text              ro code  0x0800895c     0x4  startup_stm32f10x_hd.o [1]
  .text              ro code  0x08008960     0x4  startup_stm32f10x_hd.o [1]
  .text              ro code  0x08008964     0x4  startup_stm32f10x_hd.o [1]
  .text              ro code  0x08008968     0x4  startup_stm32f10x_hd.o [1]
  .text              ro code  0x0800896c     0x4  startup_stm32f10x_hd.o [1]
  .text              ro code  0x08008970     0x4  startup_stm32f10x_hd.o [1]
  .text              ro code  0x08008974     0x4  startup_stm32f10x_hd.o [1]
  .text              ro code  0x08008978     0x4  startup_stm32f10x_hd.o [1]
  .text              ro code  0x0800897c     0x4  startup_stm32f10x_hd.o [1]
  .text              ro code  0x08008980     0x4  startup_stm32f10x_hd.o [1]
  .text              ro code  0x08008984     0x4  startup_stm32f10x_hd.o [1]
  .text              ro code  0x08008988     0x4  startup_stm32f10x_hd.o [1]
  .text              ro code  0x0800898c     0x4  startup_stm32f10x_hd.o [1]
  .text              ro code  0x08008990     0x4  startup_stm32f10x_hd.o [1]
  .text              ro code  0x08008994     0x4  startup_stm32f10x_hd.o [1]
  .text              ro code  0x08008998     0x4  startup_stm32f10x_hd.o [1]
  .text              ro code  0x0800899c     0x4  startup_stm32f10x_hd.o [1]
  .text              ro code  0x080089a0     0x4  startup_stm32f10x_hd.o [1]
  .rodata            const    0x080089a4     0x2  os_dbg.o [1]
  .rodata            const    0x080089a6     0x2  os_dbg.o [1]
  .rodata            const    0x080089a8     0x2  os_dbg.o [1]
  .rodata            const    0x080089aa     0x2  os_dbg.o [1]
  .rodata            const    0x080089ac     0x2  os_dbg.o [1]
  .rodata            const    0x080089ae     0x2  os_dbg.o [1]
  .rodata            const    0x080089b0     0x2  os_dbg.o [1]
  .rodata            const    0x080089b2     0x2  os_dbg.o [1]
  .rodata            const    0x080089b4     0x2  os_dbg.o [1]
  .rodata            const    0x080089b6     0x2  os_dbg.o [1]
  .rodata            const    0x080089b8     0x2  os_dbg.o [1]
  .rodata            const    0x080089ba     0x2  os_dbg.o [1]
  .rodata            const    0x080089bc     0x2  os_dbg.o [1]
  .rodata            const    0x080089be     0x2  os_dbg.o [1]
  .rodata            const    0x080089c0     0x2  os_dbg.o [1]
  .rodata            const    0x080089c2     0x2  os_dbg.o [1]
  .rodata            const    0x080089c4     0x2  os_dbg.o [1]
  .rodata            const    0x080089c6     0x2  os_dbg.o [1]
  .rodata            const    0x080089c8     0x2  os_dbg.o [1]
  .rodata            const    0x080089ca     0x2  os_dbg.o [1]
  .rodata            const    0x080089cc     0x2  os_dbg.o [1]
  .rodata            const    0x080089ce     0x2  os_dbg.o [1]
  .rodata            const    0x080089d0     0x2  os_dbg.o [1]
  .rodata            const    0x080089d2     0x2  os_dbg.o [1]
  .rodata            const    0x080089d4     0x2  os_dbg.o [1]
  .rodata            const    0x080089d6     0x2  os_dbg.o [1]
  .rodata            const    0x080089d8     0x2  os_dbg.o [1]
  .rodata            const    0x080089da     0x2  os_dbg.o [1]
  .rodata            const    0x080089dc     0x2  os_dbg.o [1]
  .rodata            const    0x080089de     0x2  os_dbg.o [1]
  .rodata            const    0x080089e0     0x2  os_dbg.o [1]
  .rodata            const    0x080089e2     0x2  os_dbg.o [1]
  .rodata            const    0x080089e4     0x0  zero_init3.o [5]
  .rodata            const    0x080089e4     0x0  lz77_init_single.o [5]
  Initializer bytes  const    0x080089e4   0x1fc  <for P2-1>
                            - 0x08008be0  0x8ab0

"P2", part 1 of 3:                         0x30b
  P2-1                        0x20000000   0x30b  <Init block>
    .data            inited   0x20000000   0x100  calculate.o [1]
    .data            inited   0x20000100   0x100  calculate.o [1]
    .data            inited   0x20000200    0x80  mb.o [1]
    .data            inited   0x20000280    0x70  qihou.o [1]
    .data            inited   0x200002f0    0x10  stm32f10x_rcc.o [1]
    .data            inited   0x20000300     0x4  stm32f10x_rcc.o [1]
    .data            inited   0x20000304     0x2  my_modbus.o [1]
    .data            inited   0x20000306     0x2  my_modbus.o [1]
    .data            inited   0x20000308     0x1  delay.o [1]
    .data            inited   0x20000309     0x1  mb.o [1]
    .data            inited   0x2000030a     0x1  mb2.o [1]
                            - 0x2000030b   0x30b

"P2", part 2 of 3:                        0x1000
  CSTACK                      0x20000310  0x1000  <Block>
    CSTACK           uninit   0x20000310  0x1000  <Block tail>
                            - 0x20001310  0x1000

"P2", part 3 of 3:                        0x94fc
  .bss               zero     0x20001310  0x5800  lib_mem.o [1]
  .bss               zero     0x20006b10  0x1068  os_core.o [1]
  .bss               zero     0x20007b78   0x790  os_core.o [1]
  .bss               zero     0x20008308   0x4b0  my_modbus.o [1]
  .bss               zero     0x200087b8   0x400  main.o [1]
  .bss               zero     0x20008bb8   0x320  main.o [1]
  .bss               zero     0x20008ed8   0x320  main.o [1]
  .bss               zero     0x200091f8   0x320  main.o [1]
  .bss               zero     0x20009518   0x280  os_core.o [1]
  .bss               zero     0x20009798   0x200  main.o [1]
  .bss               zero     0x20009998   0x200  os_core.o [1]
  .bss               zero     0x20009b98   0x200  os_core.o [1]
  .bss               zero     0x20009d98   0x200  os_core.o [1]
  .bss               zero     0x20009f98   0x200  os_cpu_c.o [1]
  .bss               zero     0x2000a198   0x100  mb2rtu.o [1]
  .bss               zero     0x2000a298   0x100  mbrtu.o [1]
  .bss               zero     0x2000a398   0x100  os_core.o [1]
  .bss               zero     0x2000a498    0x78  os_core.o [1]
  .bss               zero     0x2000a510    0x60  os_core.o [1]
  .bss               zero     0x2000a570    0x50  os_core.o [1]
  .bss               zero     0x2000a5c0    0x48  lib_mem.o [1]
  .bss               zero     0x2000a608    0x40  os_core.o [1]
  .bss               zero     0x2000a648    0x28  adc.o [1]
  .bss               zero     0x2000a670    0x28  ai.o [1]
  .bss               zero     0x2000a698    0x20  mbfuncother.o [1]
  .bss               zero     0x2000a6b8    0x14  di.o [1]
  .bss               zero     0x2000a6cc    0x14  di.o [1]
  .bss               zero     0x2000a6e0    0x14  di.o [1]
  .bss               zero     0x2000a6f4    0x14  my_modbus.o [1]
  .bss               zero     0x2000a708    0x10  cpu_core.o [1]
  .bss               zero     0x2000a718     0x8  os_core.o [1]
  .bss               zero     0x2000a720     0x4  calculate.o [1]
  .bss               zero     0x2000a724     0x4  lib_mem.o [1]
  .bss               zero     0x2000a728     0x4  mb.o [1]
  .bss               zero     0x2000a72c     0x4  mb.o [1]
  .bss               zero     0x2000a730     0x4  mb.o [1]
  .bss               zero     0x2000a734     0x4  mb.o [1]
  .bss               zero     0x2000a738     0x4  mb.o [1]
  .bss               zero     0x2000a73c     0x4  mb.o [1]
  .bss               zero     0x2000a740     0x4  mb.o [1]
  .bss               zero     0x2000a744     0x4  mb.o [1]
  .bss               zero     0x2000a748     0x4  mb.o [1]
  .bss               zero     0x2000a74c     0x4  mb2.o [1]
  .bss               zero     0x2000a750     0x4  mb2.o [1]
  .bss               zero     0x2000a754     0x4  mb2.o [1]
  .bss               zero     0x2000a758     0x4  mb2.o [1]
  .bss               zero     0x2000a75c     0x4  mb2.o [1]
  .bss               zero     0x2000a760     0x4  mb2.o [1]
  .bss               zero     0x2000a764     0x4  mb2.o [1]
  .bss               zero     0x2000a768     0x4  mb2rtu.o [1]
  .bss               zero     0x2000a76c     0x4  mb3.o [1]
  .bss               zero     0x2000a770     0x4  mb3.o [1]
  .bss               zero     0x2000a774     0x4  mb3.o [1]
  .bss               zero     0x2000a778     0x4  mbrtu.o [1]
  .bss               zero     0x2000a77c     0x4  os_core.o [1]
  .bss               zero     0x2000a780     0x4  os_core.o [1]
  .bss               zero     0x2000a784     0x4  os_core.o [1]
  .bss               zero     0x2000a788     0x4  os_core.o [1]
  .bss               zero     0x2000a78c     0x4  os_core.o [1]
  .bss               zero     0x2000a790     0x4  os_core.o [1]
  .bss               zero     0x2000a794     0x4  os_core.o [1]
  .bss               zero     0x2000a798     0x4  os_core.o [1]
  .bss               zero     0x2000a79c     0x4  os_core.o [1]
  .bss               zero     0x2000a7a0     0x4  os_core.o [1]
  .bss               zero     0x2000a7a4     0x4  os_core.o [1]
  .bss               zero     0x2000a7a8     0x4  os_core.o [1]
  .bss               zero     0x2000a7ac     0x4  os_core.o [1]
  .bss               zero     0x2000a7b0     0x4  os_core.o [1]
  .bss               zero     0x2000a7b4     0x4  os_core.o [1]
  .bss               zero     0x2000a7b8     0x4  os_core.o [1]
  .bss               zero     0x2000a7bc     0x4  os_core.o [1]
  .bss               zero     0x2000a7c0     0x4  os_cpu_c.o [1]
  .bss               zero     0x2000a7c4     0x4  qihou.o [1]
  .bss               zero     0x2000a7c8     0x4  qihou.o [1]
  .bss               zero     0x2000a7cc     0x4  qihou.o [1]
  .bss               zero     0x2000a7d0     0x4  timer.o [1]
  .bss               zero     0x2000a7d4     0x4  wrappers.o [1]
  .bss               zero     0x2000a7d8     0x2  mb.o [1]
  .bss               zero     0x2000a7da     0x2  mb2.o [1]
  .bss               zero     0x2000a7dc     0x2  mb2rtu.o [1]
  .bss               zero     0x2000a7de     0x2  mb2rtu.o [1]
  .bss               zero     0x2000a7e0     0x2  mbfuncother.o [1]
  .bss               zero     0x2000a7e2     0x2  mbrtu.o [1]
  .bss               zero     0x2000a7e4     0x2  mbrtu.o [1]
  .bss               zero     0x2000a7e6     0x2  os_core.o [1]
  .bss               zero     0x2000a7e8     0x2  os_core.o [1]
  .bss               zero     0x2000a7ea     0x2  os_cpu_c.o [1]
  .bss               zero     0x2000a7ec     0x1  iwdg.o [1]
  .bss               zero     0x2000a7ed     0x1  led.o [1]
  .bss               zero     0x2000a7ee     0x1  mb.o [1]
  .bss               zero     0x2000a7ef     0x1  mb.o [1]
  .bss               zero     0x2000a7f0     0x1  mb.o [1]
  .bss               zero     0x2000a7f1     0x1  mb.o [1]
  .bss               zero     0x2000a7f2     0x1  mb.o [1]
  .bss               zero     0x2000a7f3     0x1  mb2.o [1]
  .bss               zero     0x2000a7f4     0x1  mb2.o [1]
  .bss               zero     0x2000a7f5     0x1  mb2.o [1]
  .bss               zero     0x2000a7f6     0x1  mb2.o [1]
  .bss               zero     0x2000a7f7     0x1  mb2rtu.o [1]
  .bss               zero     0x2000a7f8     0x1  mb2rtu.o [1]
  .bss               zero     0x2000a7f9     0x1  mbrtu.o [1]
  .bss               zero     0x2000a7fa     0x1  mbrtu.o [1]
  .bss               zero     0x2000a7fb     0x1  os_core.o [1]
  .bss               zero     0x2000a7fc     0x1  os_core.o [1]
  .bss               zero     0x2000a7fd     0x1  os_core.o [1]
  .bss               zero     0x2000a7fe     0x1  os_core.o [1]
  .bss               zero     0x2000a7ff     0x1  os_core.o [1]
  .bss               zero     0x2000a800     0x1  os_core.o [1]
  .bss               zero     0x2000a801     0x1  os_core.o [1]
  .bss               zero     0x2000a802     0x1  os_core.o [1]
  .bss               zero     0x2000a803     0x1  os_core.o [1]
  .bss               zero     0x2000a804     0x1  os_core.o [1]
  .bss               zero     0x2000a805     0x1  os_core.o [1]
  .bss               zero     0x2000a806     0x1  port2event.o [1]
  .bss               zero     0x2000a807     0x1  port2event.o [1]
  .bss               zero     0x2000a808     0x1  portevent.o [1]
  .bss               zero     0x2000a809     0x1  portevent.o [1]
  .bss               zero     0x2000a80a     0x1  qihou.o [1]
  .bss               zero     0x2000a80b     0x1  timer.o [1]
                            - 0x2000a80c  0x94fc


*******************************************************************************
*** INIT TABLE
***

          Address     Size
          -------     ----
Zero (__iar_zero_init3)
    1 destination range, total size 0x94fc:
          0x20001310  0x94fc

Copy/lz77 (__iar_lz77_init_single3)
    1 source range, total size 0x1fc (65% of destination):
          0x080089e4   0x1fc
    1 destination range, total size 0x30b:
          0x20000000   0x30b



*******************************************************************************
*** MODULE SUMMARY
***

    Module                  ro code  ro data  rw data
    ------                  -------  -------  -------
D:\fzy\code\ST20-QH-HD5.1-v0.13\Debug\Obj: [1]
    24cxx.o                     598
    74hc405x.o                  280
    adc.o                     1 012                40
    ai.o                        572                40
    app_hooks.o                  16
    bsp.o                       356
    bsp_int.o                     8
    calculate.o                 714      333      516
    cpu_a.o                      52
    cpu_core.o                   48                16
    dac.o                     1 110      328
    delay.o                     176                 1
    di.o                        804                60
    do.o                        412
    iwdg.o                      148                 1
    led.o                       176                 1
    lib_mem.o                   204            22 604
    main.o                      546       12    3 936
    mb.o                        636       97      172
    mb2.o                       510        1       35
    mb2funcholding.o            434
    mb2rtu.o                  1 156               266
    mb3.o                                          12
    mbcrc.o                      60      512
    mbfunccoils.o               376
    mbfuncdisc.o                142
    mbfuncholding.o             494
    mbfuncinput.o               124
    mbfuncother.o                40                34
    mbrtu.o                     852      256      266
    mbutils.o                    34
    mcp3421.o                   308
    misc.o                      144
    my_modbus.o                 624        3    1 224
    os_core.o                 2 496      288    9 019
    os_cpu_a.o                  172
    os_cpu_c.o                  352               518
    os_dbg.o                    344      112
    os_flag.o                   130
    os_mem.o                     96
    os_q.o                       84
    os_sem.o                    414
    os_task.o                 1 016
    os_time.o                   200
    os_tmr.o                    592       56
    port.o                       82
    port2.o                      34
    port2event.o                 64                 2
    port2serial.o               136
    port2timer.o                 52
    port3.o                      64
    port3serial.o                32
    port3timer.o                 16
    portevent.o                  64                 2
    portserial.o                172
    porttimer.o                 180
    qihou.o                   2 184       73      125
    qihou_para.o                896
    rs485_1.o                   532
    rs485_2.o                   104
    rs485_3.o                   180
    rx8025.o                    498        4
    sim_i2c.o                 1 964
    startup_stm32f10x_hd.o      532
    stm32f10x_dac.o             152
    stm32f10x_dma.o             424
    stm32f10x_gpio.o            226
    stm32f10x_it.o               14
    stm32f10x_iwdg.o             56
    stm32f10x_rcc.o             388       13       20
    stm32f10x_tim.o             792
    stm32f10x_usart.o           510
    system_stm32f10x.o          344
    timer.o                     228                 5
    wrappers.o                   36                 4
    -------------------------------------------------
    Total:                   30 018    2 088   38 919

command line: [2]
    -------------------------------------------------
    Total:

dl7M_tlf.a: [3]
    abort.o                       6
    exit.o                        4
    low_level_init.o              4
    -------------------------------------------------
    Total:                       14

m7M_tl.a: [4]
    DblAdd.o                    232
    DblCmpLe.o                   46
    DblDiv.o                    598
    DblMul.o                    418
    DblSub.o                    384
    DblToFlt.o                  144
    DblToI32.o                   88
    FltAdd.o                    132
    FltCmpGe.o                   36
    FltCmpLe.o                   36
    FltDiv.o                    252
    FltMul.o                    216
    FltSub.o                    230
    FltToDbl.o                   78
    FltToS32.o                   68
    I32ToDbl.o                   44
    I32ToFlt.o                   50
    -------------------------------------------------
    Total:                    3 052

rt7M_tl.a: [5]
    ABImemclr4.o                  6
    ABImemcpy_unaligned.o       118
    ABImemset.o                 102
    ABImemset48.o                50
    cexit.o                      10
    cmain.o                      26
    cstartup_M.o                 12
    data_init.o                  40
    lz77_init_single.o          120
    zero_init3.o                 64
    -------------------------------------------------
    Total:                      548

shb_l.a: [6]
    ABIassert.o                  36
    exit.o                       20
    -------------------------------------------------
    Total:                       56

    Linker created                        32    4 096
-----------------------------------------------------
    Grand Total:             33 688    2 120   43 015


*******************************************************************************
*** ENTRY LIST
***

Entry                      Address    Size  Type      Object
-----                      -------    ----  ----      ------
.iar.init_table$$Base   0x080087b4           --   Gb  - Linker created -
.iar.init_table$$Limit  0x080087d4           --   Gb  - Linker created -
?main                   0x0800880d          Code  Gb  cmain.o [5]
ADC1_IIC_Ack            0x08004179    0x50  Code  Gb  sim_i2c.o [1]
ADC1_IIC_NAck           0x080041c9    0x50  Code  Gb  sim_i2c.o [1]
ADC1_IIC_ReadByte       0x080040a1    0x72  Code  Gb  sim_i2c.o [1]
ADC1_IIC_SendByte       0x08004025    0x7c  Code  Gb  sim_i2c.o [1]
ADC1_IIC_Start          0x08003f85    0x50  Code  Gb  sim_i2c.o [1]
ADC1_IIC_Stop           0x08003fd5    0x50  Code  Gb  sim_i2c.o [1]
ADC1_IIC_WaitAck        0x08004113    0x66  Code  Gb  sim_i2c.o [1]
ADCPrescTable           0x20000300     0x4  Data  Lc  stm32f10x_rcc.o [1]
APBAHBPrescTable        0x200002f0    0x10  Data  Lc  stm32f10x_rcc.o [1]
Addr_sw_init            0x0800662b    0x42  Code  Gb  di.o [1]
AppMainCtrl             0x2000a7d4     0x4  Data  Gb  wrappers.o [1]
AppMainCtrlStk          0x200087b8   0x400  Data  Lc  main.o [1]
AppSampling             0x08007015    0x5e  Code  Lc  main.o [1]
AppSamplingStk          0x200091f8   0x320  Data  Lc  main.o [1]
AppTask1                0x08006f71    0x1c  Code  Lc  main.o [1]
AppTask1Stk             0x20008bb8   0x320  Data  Lc  main.o [1]
AppTask2                0x08006f8d    0x54  Code  Lc  main.o [1]
AppTask2Stk             0x20008ed8   0x320  Data  Lc  main.o [1]
AppTaskCreate           0x08006ec5    0xac  Code  Lc  main.o [1]
AppTaskStart            0x08006e95    0x30  Code  Lc  main.o [1]
AppTaskStartStk         0x20009798   0x200  Data  Lc  main.o [1]
App_TCBInitHook         0x080016b5     0x2  Code  Gb  app_hooks.o [1]
App_TaskCreateHook      0x080016a9     0x2  Code  Gb  app_hooks.o [1]
App_TaskDelHook         0x080016ab     0x2  Code  Gb  app_hooks.o [1]
App_TaskIdleHook        0x080016ad     0x2  Code  Gb  app_hooks.o [1]
App_TaskReturnHook      0x080016af     0x2  Code  Gb  app_hooks.o [1]
App_TaskStatHook        0x080016b1     0x2  Code  Gb  app_hooks.o [1]
App_TaskSwHook          0x080016b3     0x2  Code  Gb  app_hooks.o [1]
App_TimeTickHook        0x080016b7     0x2  Code  Gb  app_hooks.o [1]
BCD2HEX                 0x08002117    0x18  Code  Gb  calculate.o [1]
BSP_CPU_ClkFreq         0x08007201    0x10  Code  Gb  bsp.o [1]
BSP_Init                0x08007137    0xc6  Code  Gb  bsp.o [1]
BSP_IntDisAll           0x08007075     0x8  Code  Gb  bsp_int.o [1]
BusFault_Handler        0x08000d85     0x2  Code  Gb  stm32f10x_it.o [1]
BytesToFloat            0x080021b5    0x54  Code  Gb  calculate.o [1]
CPU_CntLeadZeros        0x0800785f          Code  Gb  cpu_a.o [1]
CPU_CntTrailZeros       0x08007865          Code  Gb  cpu_a.o [1]
CPU_Init                0x0800707d     0x8  Code  Gb  cpu_core.o [1]
CPU_IntDis              0x08007841          Code  Gb  cpu_a.o [1]
CPU_IntEn               0x08007845          Code  Gb  cpu_a.o [1]
CPU_Name                0x2000a708    0x10  Data  Gb  cpu_core.o [1]
CPU_NameClr             0x08007085    0x1a  Code  Gb  cpu_core.o [1]
CPU_NameInit            0x080070a5     0x8  Code  Lc  cpu_core.o [1]
CPU_RevBits             0x0800786f          Code  Gb  cpu_a.o [1]
CPU_SR_Restore          0x08007851          Code  Gb  cpu_a.o [1]
CPU_SR_Save             0x08007849          Code  Gb  cpu_a.o [1]
CPU_WaitForExcept       0x0800785b          Code  Gb  cpu_a.o [1]
CPU_WaitForInt          0x08007857          Code  Gb  cpu_a.o [1]
CRC16                   0x080020e1    0x36  Code  Gb  calculate.o [1]
CSTACK$$Base            0x20000310           --   Gb  - Linker created -
CSTACK$$Limit           0x20001310           --   Gb  - Linker created -
DAC1_MA_D_VALUE         0x08007fbc   0x148  Data  Gb  dac.o [1]
DAC_Cmd                 0x08003777    0x2c  Code  Gb  stm32f10x_dac.o [1]
DAC_Config              0x08002c99    0x8a  Code  Gb  dac.o [1]
DAC_Init                0x08003749    0x2e  Code  Gb  stm32f10x_dac.o [1]
DAC_OutV                0x08002e5b    0x50  Code  Gb  dac.o [1]
DAC_OutmA               0x08002e29    0x32  Code  Gb  dac.o [1]
DAC_SetChannel1Data     0x080037a3    0x1c  Code  Gb  stm32f10x_dac.o [1]
DAC_SetChannel2Data     0x080037bf    0x1c  Code  Gb  stm32f10x_dac.o [1]
DI_Init                 0x0800644d    0x5e  Code  Gb  di.o [1]
DI_Scan                 0x08006601    0x2a  Code  Gb  di.o [1]
DMA_Cmd                 0x08004d5b    0x1c  Code  Gb  stm32f10x_dma.o [1]
DMA_DeInit              0x08004c15   0x10a  Code  Gb  stm32f10x_dma.o [1]
DMA_GetCurrDataCounter  0x08004d7d     0x6  Code  Gb  stm32f10x_dma.o [1]
DMA_Init                0x08004d1f    0x3c  Code  Gb  stm32f10x_dma.o [1]
DMA_SetCurrDataCounter  0x08004d77     0x6  Code  Gb  stm32f10x_dma.o [1]
DO_Init                 0x080074dd    0x8a  Code  Gb  do.o [1]
DO_Ioctl                0x08007567    0xfe  Code  Gb  do.o [1]
DebugMon_Handler        0x08000d8b     0x2  Code  Gb  stm32f10x_it.o [1]
EEPROM_IIC_Ack          0x08004407    0x42  Code  Gb  sim_i2c.o [1]
EEPROM_IIC_NAck         0x08004449    0x42  Code  Gb  sim_i2c.o [1]
EEPROM_IIC_ReadByte     0x0800433b    0x74  Code  Gb  sim_i2c.o [1]
EEPROM_IIC_SendByte     0x080042bd    0x7e  Code  Gb  sim_i2c.o [1]
EEPROM_IIC_Start        0x08004219    0x52  Code  Gb  sim_i2c.o [1]
EEPROM_IIC_Stop         0x0800426b    0x52  Code  Gb  sim_i2c.o [1]
EEPROM_IIC_WaitAck      0x080043af    0x58  Code  Gb  sim_i2c.o [1]
Float2Bytes             0x08002149    0x40  Code  Gb  calculate.o [1]
Float2Words             0x08002189    0x2c  Code  Gb  calculate.o [1]
FloatEqual              0x08002235    0x28  Code  Gb  calculate.o [1]
FloatIntervalJudge      0x080022bf    0x76  Code  Gb  calculate.o [1]
FloatToByte             0x0800212f    0x1a  Code  Gb  calculate.o [1]
FloatU                  0x2000a720     0x4  Data  Gb  calculate.o [1]
GPIO_Init               0x08003665    0xc0  Code  Gb  stm32f10x_gpio.o [1]
GPIO_ReadInputDataBit   0x08003725    0x16  Code  Gb  stm32f10x_gpio.o [1]
GPIO_ResetBits          0x08003741     0x6  Code  Gb  stm32f10x_gpio.o [1]
GPIO_SetBits            0x0800373b     0x6  Code  Gb  stm32f10x_gpio.o [1]
HC4051_Chn              0x0800769f    0xec  Code  Gb  74hc405x.o [1]
HC4051_Init             0x08007679    0x26  Code  Gb  74hc405x.o [1]
HL_LimitJudge           0x0800226d    0x24  Code  Gb  calculate.o [1]
HardFault_Handler       0x08000d81     0x2  Code  Gb  stm32f10x_it.o [1]
IIC_Init                0x08003f35    0x50  Code  Gb  sim_i2c.o [1]
IWDG_Enable             0x08005d67     0xa  Code  Gb  stm32f10x_iwdg.o [1]
IWDG_Feed               0x08005ca5     0x8  Code  Gb  iwdg.o [1]
IWDG_Init               0x08005c7d    0x28  Code  Gb  iwdg.o [1]
IWDG_ReloadCounter      0x08005d5d     0xa  Code  Gb  stm32f10x_iwdg.o [1]
IWDG_SetPrescaler       0x08005d4d     0x8  Code  Gb  stm32f10x_iwdg.o [1]
IWDG_SetReload          0x08005d55     0x8  Code  Gb  stm32f10x_iwdg.o [1]
IWDG_WriteAccessCmd     0x08005d45     0x8  Code  Gb  stm32f10x_iwdg.o [1]
LED_Init                0x08007791    0x60  Code  Gb  led.o [1]
MB1_NVIC_Configuration  0x08007875    0x52  Code  Gb  port.o [1]
MB2_NVIC_Configuration  0x080078c7    0x22  Code  Gb  port2.o [1]
MB3_NVIC_Configuration  0x080078e9    0x40  Code  Gb  port3.o [1]
Mcp3421_Ch1_ReadData    0x08005505    0x48  Code  Gb  mcp3421.o [1]
Mcp3421_Ch1_SendByte    0x080054e1    0x24  Code  Gb  mcp3421.o [1]
MemManage_Handler       0x08000d83     0x2  Code  Gb  stm32f10x_it.o [1]
Mem_Clr                 0x0800726d     0xc  Code  Gb  lib_mem.o [1]
Mem_Heap                0x20001310  0x5800  Data  Gb  lib_mem.o [1]
Mem_Init                0x08007211    0x5c  Code  Gb  lib_mem.o [1]
Mem_PoolHeap            0x2000a5c0    0x48  Data  Gb  lib_mem.o [1]
Mem_PoolTbl             0x2000a724     0x4  Data  Gb  lib_mem.o [1]
Mem_Set                 0x08007279    0x52  Code  Gb  lib_mem.o [1]
Modbus_UpdateEngineValue
                        0x08006bc1    0x88  Code  Gb  my_modbus.o [1]
NMI_Handler             0x08000d7f     0x2  Code  Gb  stm32f10x_it.o [1]
NVIC_Init               0x08003c27    0x5e  Code  Gb  misc.o [1]
NVIC_PriorityGroupConfig
                        0x08003c1d     0xa  Code  Gb  misc.o [1]
NVIC_SetVectorTable     0x08003c85     0xc  Code  Gb  misc.o [1]
OSCPUUsage              0x2000a7fb     0x1  Data  Gb  os_core.o [1]
OSCtxSw                 0x08000b23          Code  Gb  os_cpu_a.o [1]
OSCtxSwCtr              0x2000a77c     0x4  Data  Gb  os_core.o [1]
OSDataSize              0x080089e2     0x2  Data  Gb  os_dbg.o [1]
OSDebugEn               0x08001856     0x2  Data  Gb  os_dbg.o [1]
OSDebugInit             0x08001091   0x158  Code  Gb  os_dbg.o [1]
OSEndiannessTest        0x080088c8     0x4  Data  Gb  os_dbg.o [1]
OSEventEn               0x080023aa     0x2  Data  Gb  os_dbg.o [1]
OSEventFreeList         0x2000a780     0x4  Data  Gb  os_core.o [1]
OSEventMax              0x0800256a     0x2  Data  Gb  os_dbg.o [1]
OSEventMultiEn          0x080030ee     0x2  Data  Gb  os_dbg.o [1]
OSEventNameEn           0x08002662     0x2  Data  Gb  os_dbg.o [1]
OSEventNameSet          0x08000131    0x38  Code  Gb  os_core.o [1]
OSEventSize             0x08002806     0x2  Data  Gb  os_dbg.o [1]
OSEventTbl              0x20006b10  0x1068  Data  Gb  os_core.o [1]
OSEventTblSize          0x08002c96     0x2  Data  Gb  os_dbg.o [1]
OSFlagEn                0x08003486     0x2  Data  Gb  os_dbg.o [1]
OSFlagFreeList          0x2000a784     0x4  Data  Gb  os_core.o [1]
OSFlagGrpSize           0x08003746     0x2  Data  Gb  os_dbg.o [1]
OSFlagMax               0x08004fba     0x2  Data  Gb  os_dbg.o [1]
OSFlagNameEn            0x080059be     0x2  Data  Gb  os_dbg.o [1]
OSFlagNodeSize          0x08003cda     0x2  Data  Gb  os_dbg.o [1]
OSFlagTbl               0x2000a570    0x50  Data  Gb  os_core.o [1]
OSFlagWidth             0x08003f32     0x2  Data  Gb  os_dbg.o [1]
OSIdleCtr               0x2000a790     0x4  Data  Gb  os_core.o [1]
OSIdleCtrMax            0x2000a788     0x4  Data  Gb  os_core.o [1]
OSIdleCtrRun            0x2000a78c     0x4  Data  Gb  os_core.o [1]
OSInit                  0x08000169    0x38  Code  Gb  os_core.o [1]
OSInitHookBegin         0x08000b9d    0x20  Code  Gb  os_cpu_c.o [1]
OSInitHookEnd           0x08000bbd     0x2  Code  Gb  os_cpu_c.o [1]
OSIntCtxSw              0x08000b2b          Code  Gb  os_cpu_a.o [1]
OSIntExit               0x080001a1    0x94  Code  Gb  os_core.o [1]
OSIntNesting            0x2000a7fd     0x1  Data  Gb  os_core.o [1]
OSLockNesting           0x2000a7fe     0x1  Data  Gb  os_core.o [1]
OSLowestPrio            0x08005d42     0x2  Data  Gb  os_dbg.o [1]
OSMboxEn                0x08006436     0x2  Data  Gb  os_dbg.o [1]
OSMemEn                 0x08006e4e     0x2  Data  Gb  os_dbg.o [1]
OSMemFreeList           0x2000a7a4     0x4  Data  Gb  os_core.o [1]
OSMemMax                0x08007072     0x2  Data  Gb  os_dbg.o [1]
OSMemNameEn             0x080074da     0x2  Data  Gb  os_dbg.o [1]
OSMemSize               0x08007e62     0x2  Data  Gb  os_dbg.o [1]
OSMemTbl                0x2000a498    0x78  Data  Gb  os_core.o [1]
OSMemTblSize            0x0800865a     0x2  Data  Gb  os_dbg.o [1]
OSMutexEn               0x0800882e     0x2  Data  Gb  os_dbg.o [1]
OSPrioCur               0x2000a7ff     0x1  Data  Gb  os_core.o [1]
OSPrioHighRdy           0x2000a800     0x1  Data  Gb  os_core.o [1]
OSPtrSize               0x0800883a     0x2  Data  Gb  os_dbg.o [1]
OSQEn                   0x080089a4     0x2  Data  Gb  os_dbg.o [1]
OSQFreeList             0x2000a7a8     0x4  Data  Gb  os_core.o [1]
OSQMax                  0x080089a6     0x2  Data  Gb  os_dbg.o [1]
OSQSize                 0x080089a8     0x2  Data  Gb  os_dbg.o [1]
OSQTbl                  0x2000a510    0x60  Data  Gb  os_core.o [1]
OSRdyGrp                0x2000a801     0x1  Data  Gb  os_core.o [1]
OSRdyTbl                0x2000a718     0x8  Data  Gb  os_core.o [1]
OSRdyTblSize            0x080089aa     0x2  Data  Gb  os_dbg.o [1]
OSRunning               0x2000a802     0x1  Data  Gb  os_core.o [1]
OSSchedLock             0x08000235    0x3a  Code  Gb  os_core.o [1]
OSSchedUnlock           0x0800026f    0x5a  Code  Gb  os_core.o [1]
OSSemCreate             0x080016b9    0x4c  Code  Gb  os_sem.o [1]
OSSemEn                 0x080089ac     0x2  Data  Gb  os_dbg.o [1]
OSSemPend               0x08001705    0xe2  Code  Gb  os_sem.o [1]
OSSemPost               0x080017fd    0x5a  Code  Gb  os_sem.o [1]
OSStart                 0x080002c9    0x42  Code  Gb  os_core.o [1]
OSStartHighRdy          0x08000aff          Code  Gb  os_cpu_a.o [1]
OSStatInit              0x0800030b    0x3e  Code  Gb  os_core.o [1]
OSStatRdy               0x2000a7fc     0x1  Data  Gb  os_core.o [1]
OSStkWidth              0x080089ae     0x2  Data  Gb  os_dbg.o [1]
OSTCBCur                0x2000a794     0x4  Data  Gb  os_core.o [1]
OSTCBFreeList           0x2000a798     0x4  Data  Gb  os_core.o [1]
OSTCBHighRdy            0x2000a79c     0x4  Data  Gb  os_core.o [1]
OSTCBInitHook           0x08000c69     0x8  Code  Gb  os_cpu_c.o [1]
OSTCBList               0x2000a7a0     0x4  Data  Gb  os_core.o [1]
OSTCBPrioTbl            0x2000a398   0x100  Data  Gb  os_core.o [1]
OSTCBPrioTblMax         0x080089c6     0x2  Data  Gb  os_dbg.o [1]
OSTCBSize               0x080089c8     0x2  Data  Gb  os_dbg.o [1]
OSTCBTbl                0x20007b78   0x790  Data  Gb  os_core.o [1]
OSTaskCreateEn          0x080089b0     0x2  Data  Gb  os_dbg.o [1]
OSTaskCreateExt         0x080012b1    0xc0  Code  Gb  os_task.o [1]
OSTaskCreateExtEn       0x080089b2     0x2  Data  Gb  os_dbg.o [1]
OSTaskCreateHook        0x08000bbf     0x8  Code  Gb  os_cpu_c.o [1]
OSTaskCtr               0x2000a803     0x1  Data  Gb  os_core.o [1]
OSTaskDel               0x08001371   0x176  Code  Gb  os_task.o [1]
OSTaskDelEn             0x080089b4     0x2  Data  Gb  os_dbg.o [1]
OSTaskDelHook           0x08000bc7     0x8  Code  Gb  os_cpu_c.o [1]
OSTaskIdleHook          0x08000bcf     0x8  Code  Gb  os_cpu_c.o [1]
OSTaskIdleStk           0x20009b98   0x200  Data  Gb  os_core.o [1]
OSTaskIdleStkSize       0x080089b6     0x2  Data  Gb  os_dbg.o [1]
OSTaskMax               0x080089ba     0x2  Data  Gb  os_dbg.o [1]
OSTaskNameEn            0x080089bc     0x2  Data  Gb  os_dbg.o [1]
OSTaskNameSet           0x080014e7    0x5a  Code  Gb  os_task.o [1]
OSTaskProfileEn         0x080089b8     0x2  Data  Gb  os_dbg.o [1]
OSTaskRegNextAvailID    0x2000a805     0x1  Data  Gb  os_core.o [1]
OSTaskReturnHook        0x08000bd7     0x8  Code  Gb  os_cpu_c.o [1]
OSTaskStatEn            0x080089be     0x2  Data  Gb  os_dbg.o [1]
OSTaskStatHook          0x08000bdf     0x8  Code  Gb  os_cpu_c.o [1]
OSTaskStatStk           0x20009998   0x200  Data  Gb  os_core.o [1]
OSTaskStatStkChkEn      0x080089c2     0x2  Data  Gb  os_dbg.o [1]
OSTaskStatStkSize       0x080089c0     0x2  Data  Gb  os_dbg.o [1]
OSTaskStkChk            0x08001541    0x72  Code  Gb  os_task.o [1]
OSTaskStkInit           0x08000be7    0x7a  Code  Gb  os_cpu_c.o [1]
OSTaskSuspend           0x080015b9    0x9e  Code  Gb  os_task.o [1]
OSTaskSwHook            0x08000c61     0x8  Code  Gb  os_cpu_c.o [1]
OSTaskSwHookEn          0x080089c4     0x2  Data  Gb  os_dbg.o [1]
OSTickStepState         0x2000a804     0x1  Data  Gb  os_core.o [1]
OSTicksPerSec           0x080089ca     0x2  Data  Gb  os_dbg.o [1]
OSTime                  0x2000a7ac     0x4  Data  Gb  os_core.o [1]
OSTimeDly               0x080011e9    0x68  Code  Gb  os_time.o [1]
OSTimeDlyHMSM           0x08001251    0x4c  Code  Gb  os_time.o [1]
OSTimeTick              0x08000349    0xe4  Code  Gb  os_core.o [1]
OSTimeTickHook          0x08000c71    0x24  Code  Gb  os_cpu_c.o [1]
OSTimeTickHookEn        0x080089cc     0x2  Data  Gb  os_dbg.o [1]
OSTmrCfgMax             0x080089d2     0x2  Data  Gb  os_dbg.o [1]
OSTmrCfgNameEn          0x080089d4     0x2  Data  Gb  os_dbg.o [1]
OSTmrCfgTicksPerSec     0x080089d8     0x2  Data  Gb  os_dbg.o [1]
OSTmrCfgWheelSize       0x080089d6     0x2  Data  Gb  os_dbg.o [1]
OSTmrCtr                0x2000a7ea     0x2  Data  Lc  os_cpu_c.o [1]
OSTmrEn                 0x080089d0     0x2  Data  Gb  os_dbg.o [1]
OSTmrFree               0x2000a7e6     0x2  Data  Gb  os_core.o [1]
OSTmrFreeList           0x2000a7bc     0x4  Data  Gb  os_core.o [1]
OSTmrSem                0x2000a7b4     0x4  Data  Gb  os_core.o [1]
OSTmrSemSignal          0x2000a7b8     0x4  Data  Gb  os_core.o [1]
OSTmrSignal             0x08000e41     0xe  Code  Gb  os_tmr.o [1]
OSTmrSize               0x080089da     0x2  Data  Gb  os_dbg.o [1]
OSTmrTaskStk            0x20009d98   0x200  Data  Gb  os_core.o [1]
OSTmrTbl                0x20009518   0x280  Data  Gb  os_core.o [1]
OSTmrTblSize            0x080089dc     0x2  Data  Gb  os_dbg.o [1]
OSTmrTime               0x2000a7b0     0x4  Data  Gb  os_core.o [1]
OSTmrUsed               0x2000a7e8     0x2  Data  Gb  os_core.o [1]
OSTmrWheelSize          0x080089de     0x2  Data  Gb  os_dbg.o [1]
OSTmrWheelTbl           0x2000a608    0x40  Data  Gb  os_core.o [1]
OSTmrWheelTblSize       0x080089e0     0x2  Data  Gb  os_dbg.o [1]
OSTmr_Init              0x08000e4f    0xb2  Code  Gb  os_tmr.o [1]
OSTmr_InitTask          0x08000f01    0x36  Code  Lc  os_tmr.o [1]
OSTmr_Link              0x08000f37    0x68  Code  Lc  os_tmr.o [1]
OSTmr_Task              0x08000fe5    0x74  Code  Lc  os_tmr.o [1]
OSTmr_Unlink            0x08000f9f    0x44  Code  Lc  os_tmr.o [1]
OSUnMapTbl              0x08008304   0x100  Data  Gb  os_core.o [1]
OSVersionNbr            0x080089ce     0x2  Data  Gb  os_dbg.o [1]
OS_CPU_ExceptStk        0x20009f98   0x200  Data  Gb  os_cpu_c.o [1]
OS_CPU_ExceptStkBase    0x2000a7c0     0x4  Data  Gb  os_cpu_c.o [1]
OS_CPU_PendSVHandler    0x08000b33          Code  Gb  os_cpu_a.o [1]
OS_CPU_SR_Restore       0x08000af9          Code  Gb  os_cpu_a.o [1]
OS_CPU_SR_Save          0x08000af1          Code  Gb  os_cpu_a.o [1]
OS_CPU_SysTickHandler   0x08000c95    0x1e  Code  Gb  os_cpu_c.o [1]
OS_CPU_SysTickInit      0x08000cb3    0x26  Code  Gb  os_cpu_c.o [1]
OS_Dummy                0x0800042d     0x2  Code  Gb  os_core.o [1]
OS_EventTaskRdy         0x0800042f    0x8e  Code  Gb  os_core.o [1]
OS_EventTaskRemove      0x08000549    0x36  Code  Gb  os_core.o [1]
OS_EventTaskRemoveMulti
                        0x0800057f    0x42  Code  Gb  os_core.o [1]
OS_EventTaskWait        0x080004bd    0x8c  Code  Gb  os_core.o [1]
OS_EventWaitListInit    0x080005c1    0x1c  Code  Gb  os_core.o [1]
OS_FlagInit             0x08000cfd    0x50  Code  Gb  os_flag.o [1]
OS_FlagUnlink           0x08000d59    0x26  Code  Gb  os_flag.o [1]
OS_InitEventList        0x080005dd    0x66  Code  Lc  os_core.o [1]
OS_InitMisc             0x08000643    0x56  Code  Lc  os_core.o [1]
OS_InitRdyList          0x08000699    0x40  Code  Lc  os_core.o [1]
OS_InitTCBList          0x08000751    0x6e  Code  Lc  os_core.o [1]
OS_InitTaskIdle         0x080006d9    0x3c  Code  Lc  os_core.o [1]
OS_InitTaskStat         0x08000715    0x3c  Code  Lc  os_core.o [1]
OS_MemClr               0x080007bf    0x12  Code  Gb  os_core.o [1]
OS_MemInit              0x08000d8d    0x50  Code  Gb  os_mem.o [1]
OS_QInit                0x08000ded    0x48  Code  Gb  os_q.o [1]
OS_Sched                0x080007d1    0x5c  Code  Gb  os_core.o [1]
OS_SchedNew             0x0800082d    0x20  Code  Lc  os_core.o [1]
OS_TCBInit              0x0800093d   0x138  Code  Gb  os_core.o [1]
OS_TaskIdle             0x0800084d    0x20  Code  Gb  os_core.o [1]
OS_TaskReturn           0x08001657    0x12  Code  Gb  os_task.o [1]
OS_TaskStat             0x08000871    0x86  Code  Gb  os_core.o [1]
OS_TaskStatStkChk       0x080008f7    0x3e  Code  Gb  os_core.o [1]
OS_TaskStkClr           0x08001691    0x18  Code  Gb  os_task.o [1]
RCC_AHBPeriphClockCmd   0x0800359b    0x20  Code  Gb  stm32f10x_rcc.o [1]
RCC_APB1PeriphClockCmd  0x080035db    0x20  Code  Gb  stm32f10x_rcc.o [1]
RCC_APB1PeriphResetCmd  0x0800361b    0x20  Code  Gb  stm32f10x_rcc.o [1]
RCC_APB2PeriphClockCmd  0x080035bb    0x20  Code  Gb  stm32f10x_rcc.o [1]
RCC_APB2PeriphResetCmd  0x080035fb    0x20  Code  Gb  stm32f10x_rcc.o [1]
RCC_GetClocksFreq       0x080034e1    0xba  Code  Gb  stm32f10x_rcc.o [1]
RS485_1st_Init          0x080061dd    0xea  Code  Gb  rs485_1.o [1]
RS485_1st_SendByte      0x08006371    0x44  Code  Gb  rs485_1.o [1]
RS485_1st_SendData      0x080063b5    0x34  Code  Gb  rs485_1.o [1]
RS485_2nd_DMAConfig     0x08004791    0x60  Code  Gb  mb2rtu.o [1]
RS485_2nd_Init          0x080047f1    0xdc  Code  Gb  mb2rtu.o [1]
RS485_2nd_SendByte      0x08005085    0x30  Code  Gb  rs485_2.o [1]
RS485_2nd_SendData      0x080050b5    0x34  Code  Gb  rs485_2.o [1]
RX8025_IIC_Ack          0x0800462f    0x40  Code  Gb  sim_i2c.o [1]
RX8025_IIC_NAck         0x0800466f    0x40  Code  Gb  sim_i2c.o [1]
RX8025_IIC_ReadByte     0x08004575    0x64  Code  Gb  sim_i2c.o [1]
RX8025_IIC_SendByte     0x0800450b    0x6a  Code  Gb  sim_i2c.o [1]
RX8025_IIC_Start        0x0800448b    0x40  Code  Gb  sim_i2c.o [1]
RX8025_IIC_Stop         0x080044cb    0x40  Code  Gb  sim_i2c.o [1]
RX8025_IIC_WaitAck      0x080045d9    0x56  Code  Gb  sim_i2c.o [1]
Region$$Table$$Base     0x080087b4           --   Gb  - Linker created -
Region$$Table$$Limit    0x080087d4           --   Gb  - Linker created -
RunLed_Ioctl            0x080077f1    0x1c  Code  Gb  led.o [1]
SVC_Handler             0x08000d89     0x2  Code  Gb  stm32f10x_it.o [1]
SetSysClock             0x08007eb9     0x8  Code  Lc  system_stm32f10x.o [1]
SetSysClockTo72         0x08007ec1    0xe0  Code  Lc  system_stm32f10x.o [1]
SystemInit              0x08007e65    0x54  Code  Gb  system_stm32f10x.o [1]
TIM2_IRQHandler         0x080030f1    0x12  Code  Gb  timer.o [1]
TIM3_IRQHandler         0x08003199    0x26  Code  Gb  timer.o [1]
TIM3_Int_Init           0x08003123    0x60  Code  Gb  timer.o [1]
TIM4_IRQHandler         0x08003103    0x10  Code  Gb  timer.o [1]
TIM5_IRQHandler         0x08003113    0x10  Code  Gb  timer.o [1]
TIMER2ExpiredISR        0x08003bf7     0xa  Code  Gb  port2timer.o [1]
TIMER3ExpiredISR        0x08003c0d     0xa  Code  Gb  port3timer.o [1]
TIMERExpiredISR         0x080038ad     0xa  Code  Gb  porttimer.o [1]
TIM_ClearITPendingBit   0x08003b91     0x8  Code  Gb  stm32f10x_tim.o [1]
TIM_Cmd                 0x08003b31    0x1c  Code  Gb  stm32f10x_tim.o [1]
TIM_DeInit              0x080038c1   0x1de  Code  Gb  stm32f10x_tim.o [1]
TIM_GetITStatus         0x08003b69    0x28  Code  Gb  stm32f10x_tim.o [1]
TIM_ITConfig            0x08003b4d    0x18  Code  Gb  stm32f10x_tim.o [1]
TIM_SetCounter          0x08003b65     0x4  Code  Gb  stm32f10x_tim.o [1]
TIM_TimeBaseInit        0x08003a9f    0x92  Code  Gb  stm32f10x_tim.o [1]
TwoByte2Word            0x0800225d    0x10  Code  Gb  calculate.o [1]
USART1_IRQHandler       0x080062c7    0xaa  Code  Gb  rs485_1.o [1]
USART2_IRQHandler       0x080048cd    0xf6  Code  Gb  mb2rtu.o [1]
USART3_IRQHandler       0x08008405    0xae  Code  Gb  rs485_3.o [1]
USART_ClearFlag         0x08004f2d     0xc  Code  Gb  stm32f10x_usart.o [1]
USART_ClearITPendingBit
                        0x08004f9d    0x1e  Code  Gb  stm32f10x_usart.o [1]
USART_Cmd               0x08004e7d    0x1c  Code  Gb  stm32f10x_usart.o [1]
USART_DMACmd            0x08004eeb    0x18  Code  Gb  stm32f10x_usart.o [1]
USART_GetFlagStatus     0x08004f13    0x1a  Code  Gb  stm32f10x_usart.o [1]
USART_GetITStatus       0x08004f39    0x64  Code  Gb  stm32f10x_usart.o [1]
USART_ITConfig          0x08004e99    0x52  Code  Gb  stm32f10x_usart.o [1]
USART_Init              0x08004dbd    0xba  Code  Gb  stm32f10x_usart.o [1]
USART_ReceiveData       0x08004f0b     0x8  Code  Gb  stm32f10x_usart.o [1]
USART_SendData          0x08004f03     0x8  Code  Gb  stm32f10x_usart.o [1]
UsageFault_Handler      0x08000d87     0x2  Code  Gb  stm32f10x_it.o [1]
Words2Float             0x08002209    0x2c  Code  Gb  calculate.o [1]
__aeabi_assert          0x0800617d    0x24  Code  Gb  ABIassert.o [6]
__aeabi_cdcmple         0x08003cad          Code  Gb  DblCmpLe.o [4]
__aeabi_cfcmple         0x080025f1          Code  Gb  FltCmpLe.o [4]
__aeabi_cfrcmple        0x08002b01          Code  Gb  FltCmpGe.o [4]
__aeabi_d2f             0x08002a71          Code  Gb  DblToFlt.o [4]
__aeabi_d2iz            0x08003489          Code  Gb  DblToI32.o [4]
__aeabi_d2uiz           0x080034b5          Code  Gb  DblToI32.o [4]
__aeabi_dadd            0x08002809          Code  Gb  DblAdd.o [4]
__aeabi_ddiv            0x08003cdd          Code  Gb  DblDiv.o [4]
__aeabi_dmul            0x08002665          Code  Gb  DblMul.o [4]
__aeabi_dsub            0x080028f1          Code  Gb  DblSub.o [4]
__aeabi_f2d             0x08002615          Code  Gb  FltToDbl.o [4]
__aeabi_f2iz            0x08002b25          Code  Gb  FltToS32.o [4]
__aeabi_fadd            0x0800256d          Code  Gb  FltAdd.o [4]
__aeabi_fdiv            0x08002b69          Code  Gb  FltDiv.o [4]
__aeabi_fmul            0x080023ad          Code  Gb  FltMul.o [4]
__aeabi_fsub            0x08002485          Code  Gb  FltSub.o [4]
__aeabi_i2d             0x080037e1          Code  Gb  I32ToDbl.o [4]
__aeabi_i2f             0x08002c65          Code  Gb  I32ToFlt.o [4]
__aeabi_memclr4         0x080059b9          Code  Gb  ABImemclr4.o [5]
__aeabi_memset          0x080059c1          Code  Gb  ABImemset.o [5]
__aeabi_ui2f            0x08002c79          Code  Gb  I32ToFlt.o [4]
__cmain                 0x0800880d          Code  Gb  cmain.o [5]
__exit                  0x08006439    0x14  Code  Gb  exit.o [6]
__iar_Memset            0x080059c1          Code  Gb  ABImemset.o [5]
__iar_Memset4_word      0x08005d11          Code  Gb  ABImemset48.o [5]
__iar_Memset8_word      0x08005d11          Code  Gb  ABImemset48.o [5]
__iar_Memset_word       0x080059c9          Code  Gb  ABImemset.o [5]
__iar_d2uiz             0x080034c1          Code  Gb  DblToI32.o [4]
__iar_dadd              0x0800281d          Code  Gb  DblAdd.o [4]
__iar_data_init3        0x0800878d    0x28  Code  Gb  data_init.o [5]
__iar_dsub              0x08002905          Code  Gb  DblSub.o [4]
__iar_dsubStart         0x08002917          Code  Gb  DblSub.o [4]
__iar_fadd              0x0800257d          Code  Gb  FltAdd.o [4]
__iar_fsub              0x08002495          Code  Gb  FltSub.o [4]
__iar_fsubStart         0x080024a5          Code  Gb  FltSub.o [4]
__iar_lz77_init_single3
                        0x080085e3    0x78  Code  Gb  lz77_init_single.o [5]
__iar_program_start     0x080088bd          Code  Gb  cstartup_M.o [5]
__iar_ui2d              0x080037f5          Code  Gb  I32ToDbl.o [4]
__iar_ui2f              0x08002c7d          Code  Gb  I32ToFlt.o [4]
__iar_unaligned___aeabi_memcpy
                        0x08003411          Code  Gb  ABImemcpy_unaligned.o [5]
__iar_unaligned___aeabi_memcpy4
                        0x08003431          Code  Gb  ABImemcpy_unaligned.o [5]
__iar_unaligned___aeabi_memcpy8
                        0x08003431          Code  Gb  ABImemcpy_unaligned.o [5]
__iar_zero_init3        0x080086c1    0x40  Code  Gb  zero_init3.o [5]
__low_level_init        0x08008827     0x4  Code  Gb  low_level_init.o [3]
__vector_table          0x08000000          Data  Gb  startup_stm32f10x_hd.o [1]
_call_main              0x08008819          Code  Gb  cmain.o [5]
_exit                   0x08008831          Code  Gb  cexit.o [5]
_main                   0x08008823          Code  Gb  cmain.o [5]
abort                   0x08006431     0x6  Code  Gb  abort.o [3]
adc_input_mA_offset     0x080050ed    0x18  Code  Lc  adc.o [1]
adc_input_voltage_offset
                        0x08005155    0x2c  Code  Lc  adc.o [1]
ai_control_calc         0x08003259   0x188  Code  Gb  ai.o [1]
analog_input_mA_calc    0x08005105    0x50  Code  Lc  adc.o [1]
analog_input_ohm_calc   0x080051c9    0x2c  Code  Lc  adc.o [1]
analog_input_variable_calc
                        0x080052f3    0x30  Code  Lc  adc.o [1]
analog_input_variable_filter_calc
                        0x08005323    0x54  Code  Lc  adc.o [1]
analog_input_variable_last
                        0x2000a648    0x28  Data  Lc  adc.o [1]
analog_input_voltage_calc
                        0x08005181    0x48  Code  Lc  adc.o [1]
aucCRCHi                0x08008104   0x100  Data  Lc  mbcrc.o [1]
aucCRCLo                0x08008204   0x100  Data  Lc  mbcrc.o [1]
auchCRCHi               0x20000000   0x100  Data  Lc  calculate.o [1]
auchCRCLo               0x20000100   0x100  Data  Lc  calculate.o [1]
binary_search_int16t    0x0800234d    0x5e  Code  Gb  calculate.o [1]
com1_addr_get           0x0800666d    0x6e  Code  Gb  di.o [1]
com2_addr_get           0x080066db    0x6e  Code  Gb  di.o [1]
com_baud_check          0x080070ad    0x68  Code  Lc  bsp.o [1]
com_parity_check        0x08007115    0x22  Code  Lc  bsp.o [1]
dac1_mA_dvalue_calc     0x08002d23    0x8a  Code  Lc  dac.o [1]
dac2_mA_dvalue_calc     0x08002dad    0x7c  Code  Lc  dac.o [1]
delay_ms                0x08004725    0x6c  Code  Gb  delay.o [1]
delay_us                0x080046e1    0x36  Code  Gb  delay.o [1]
di_state_calc           0x080064ab    0x5a  Code  Lc  di.o [1]
eMB2Enable              0x08007351     0xc  Code  Gb  mb2.o [1]
eMB2FuncReadHoldingRegister
                        0x080079c1    0x7c  Code  Gb  mb2funcholding.o [1]
eMB2FuncWriteHoldingRegister
                        0x08007a3d    0x38  Code  Gb  mb2funcholding.o [1]
eMB2FuncWriteMultipleHoldingRegister
                        0x08007a75    0x66  Code  Gb  mb2funcholding.o [1]
eMB2Init                0x080072dd    0x74  Code  Gb  mb2.o [1]
eMB2Poll                0x0800735d   0x110  Code  Gb  mb2.o [1]
eMB2Poll::eException    0x2000a7f6     0x1  Data  Lc  mb2.o [1]
eMB2Poll::ucFunctionCode
                        0x2000a7f5     0x1  Data  Lc  mb2.o [1]
eMB2Poll::ucMB2Frame    0x2000a764     0x4  Data  Lc  mb2.o [1]
eMB2Poll::ucRcvAddress  0x2000a7f4     0x1  Data  Lc  mb2.o [1]
eMB2Poll::usLength      0x2000a7da     0x2  Data  Lc  mb2.o [1]
eMB2RTUInit             0x080049c3    0x42  Code  Gb  mb2rtu.o [1]
eMB2RTUReceive          0x08004a93    0x50  Code  Gb  mb2rtu.o [1]
eMB2RTUSend             0x08004ae3    0xa0  Code  Gb  mb2rtu.o [1]
eMB2RTUStart            0x08004a05     0xe  Code  Gb  mb2rtu.o [1]
eMB2RegHoldingCB        0x08007929    0x90  Code  Gb  mb2funcholding.o [1]
eMB2State               0x2000030a     0x1  Data  Lc  mb2.o [1]
eMBCurrentMode          0x2000a7ef     0x1  Data  Lc  mb.o [1]
eMBEnable               0x08006801    0x22  Code  Gb  mb.o [1]
eMBFuncReadCoils        0x08007ceb    0x90  Code  Gb  mbfunccoils.o [1]
eMBFuncReadDiscreteInputs
                        0x080084d9    0x8e  Code  Gb  mbfuncdisc.o [1]
eMBFuncReadHoldingRegister
                        0x08007b79    0x7c  Code  Gb  mbfuncholding.o [1]
eMBFuncReadInputRegister
                        0x08008567    0x7c  Code  Gb  mbfuncinput.o [1]
eMBFuncReadWriteMultipleHoldingRegister
                        0x08007bf5    0xd4  Code  Gb  mbfuncholding.o [1]
eMBFuncReportSlaveID    0x08008765    0x1e  Code  Gb  mbfuncother.o [1]
eMBFuncWriteCoil        0x08007d7b    0x6a  Code  Gb  mbfunccoils.o [1]
eMBFuncWriteHoldingRegister
                        0x08007adb    0x38  Code  Gb  mbfuncholding.o [1]
eMBFuncWriteMultipleCoils
                        0x08007de5    0x7e  Code  Gb  mbfunccoils.o [1]
eMBFuncWriteMultipleHoldingRegister
                        0x08007b13    0x66  Code  Gb  mbfuncholding.o [1]
eMBInit                 0x08006771    0x90  Code  Gb  mb.o [1]
eMBPoll                 0x08006823   0x15e  Code  Gb  mb.o [1]
eMBPoll::eException     0x2000a7f2     0x1  Data  Lc  mb.o [1]
eMBPoll::ucFunctionCode
                        0x2000a7f1     0x1  Data  Lc  mb.o [1]
eMBPoll::ucMBFrame      0x2000a748     0x4  Data  Lc  mb.o [1]
eMBPoll::ucRcvAddress   0x2000a7f0     0x1  Data  Lc  mb.o [1]
eMBPoll::usLength       0x2000a7d8     0x2  Data  Lc  mb.o [1]
eMBRTUInit              0x08005d7d    0x5e  Code  Gb  mbrtu.o [1]
eMBRTUReceive           0x08005e1d    0x6a  Code  Gb  mbrtu.o [1]
eMBRTUSend              0x08005e87    0xa2  Code  Gb  mbrtu.o [1]
eMBRTUStart             0x08005ddb    0x24  Code  Gb  mbrtu.o [1]
eMBRTUStop              0x08005dff    0x1e  Code  Gb  mbrtu.o [1]
eMBRegCoilsCB           0x08006ac7    0x4c  Code  Gb  my_modbus.o [1]
eMBRegDiscreteCB        0x08006b13     0x4  Code  Gb  my_modbus.o [1]
eMBRegHoldingCB         0x08006a37    0x90  Code  Gb  my_modbus.o [1]
eMBRegInputCB           0x080069ed    0x4a  Code  Gb  my_modbus.o [1]
eMBState                0x20000309     0x1  Data  Lc  mb.o [1]
eQueuedEvent            0x2000a806     0x1  Data  Lc  port2event.o [1]
eQueuedEvent            0x2000a808     0x1  Data  Lc  portevent.o [1]
eRcvState               0x2000a7f8     0x1  Data  Lc  mb2rtu.o [1]
eRcvState               0x2000a7fa     0x1  Data  Lc  mbrtu.o [1]
eSndState               0x2000a7f7     0x1  Data  Lc  mb2rtu.o [1]
eSndState               0x2000a7f9     0x1  Data  Lc  mbrtu.o [1]
exit                    0x0800882b     0x4  Code  Gb  exit.o [3]
fac_us                  0x20000308     0x1  Data  Lc  delay.o [1]
feed_hd_soft_dog        0x08005d05     0xc  Code  Gb  iwdg.o [1]
flag_add_water          0x2000a80a     0x1  Data  Lc  qihou.o [1]
g_di_last1_state_temp   0x2000a6cc    0x14  Data  Lc  di.o [1]
g_di_last2_state_temp   0x2000a6b8    0x14  Data  Lc  di.o [1]
g_di_last_state_ok      0x2000a6e0    0x14  Data  Lc  di.o [1]
g_flag_update_secs      0x2000a80b     0x1  Data  Lc  timer.o [1]
g_outdoor_temp_loc      0x2000a7cc     0x4  Data  Gb  qihou.o [1]
g_qh_ai_ctrl_para       0x2000a670    0x28  Data  Lc  ai.o [1]
g_qh_feedback           0x2000a7c4     0x4  Data  Lc  qihou.o [1]
g_running_secs          0x2000a7d0     0x4  Data  Lc  timer.o [1]
g_water_feedback        0x2000a7c8     0x4  Data  Lc  qihou.o [1]
getAndUpdate_qh_ai_ctrlPara
                        0x080031d5    0x84  Code  Gb  ai.o [1]
get_AI_mode_target      0x08001a35   0x158  Code  Lc  qihou.o [1]
get_AI_variable_result  0x08005377   0x11e  Code  Gb  adc.o [1]
get_analog_input_siginal_value
                        0x080051f5    0x26  Code  Lc  adc.o [1]
get_cacl_mode_target    0x080018e9   0x14c  Code  Lc  qihou.o [1]
get_current_di_state    0x08006505    0xfc  Code  Lc  di.o [1]
get_feel_temp           0x08001869    0x10  Code  Lc  qihou.o [1]
get_outdoor_temp        0x08001879    0x60  Code  Gb  qihou.o [1]
get_outdoor_temp_loc    0x08001df5     0x6  Code  Gb  qihou.o [1]
get_outdoor_temp_rem    0x08001859    0x10  Code  Lc  qihou.o [1]
get_qh_feedback         0x08001dc1     0x6  Code  Gb  qihou.o [1]
get_qh_holiday_offset   0x08001cef    0x20  Code  Gb  qihou.o [1]
get_qh_segment_offset   0x08001bb9   0x136  Code  Gb  qihou.o [1]
get_qh_solar_offset     0x08001d0f    0x6a  Code  Gb  qihou.o [1]
get_qh_target_temp      0x08001b8d    0x2c  Code  Gb  qihou.o [1]
get_running_secs_update_flag
                        0x08003193     0x6  Code  Gb  timer.o [1]
get_rx8025t_time        0x08006d01    0x6e  Code  Gb  rx8025.o [1]
get_set_mode_target     0x080018d9    0x10  Code  Lc  qihou.o [1]
get_water_feedback      0x08001ddb     0x6  Code  Gb  qihou.o [1]
hal_dac_output          0x080030c1    0x2e  Code  Gb  dac.o [1]
mA_convert_var_calc     0x0800521b    0x56  Code  Lc  adc.o [1]
main                    0x08006e51    0x42  Code  Gb  main.o [1]
mcp3421_14bit_vol_read  0x0800554d    0x44  Code  Lc  mcp3421.o [1]
mcp3421_16bit_vol_read  0x08005591    0x5c  Code  Lc  mcp3421.o [1]
mcp3421_vol_read        0x08005601    0x14  Code  Gb  mcp3421.o [1]
modbus_set_time         0x08006b17    0xaa  Code  Lc  my_modbus.o [1]
ohm_convert_var_calc    0x080052a7    0x4c  Code  Lc  adc.o [1]
os_running_led_light    0x0800780d    0x22  Code  Gb  led.o [1]
os_running_led_light::flag_state
                        0x2000a7ed     0x1  Data  Lc  led.o [1]
outdoor_temp_seg        0x20000280    0x70  Data  Lc  qihou.o [1]
peMB2FrameReceiveCur    0x2000a754     0x4  Data  Lc  mb2.o [1]
peMB2FrameSendCur       0x2000a74c     0x4  Data  Lc  mb2.o [1]
peMBFrameReceiveCur     0x2000a734     0x4  Data  Lc  mb.o [1]
peMBFrameSendCur        0x2000a728     0x4  Data  Lc  mb.o [1]
prveMB2Error2Exception  0x080074b9    0x22  Code  Gb  mb2.o [1]
prveMBError2Exception   0x08007cc9    0x22  Code  Gb  mbutils.o [1]
prvvUART2TxReadyISR     0x08005033     0xa  Code  Gb  port2serial.o [1]
prvvUART3RxISR          0x080084c3     0xa  Code  Gb  port3serial.o [1]
prvvUART3TxReadyISR     0x080084b9     0xa  Code  Gb  port3serial.o [1]
prvvUARTRxISR           0x08006167     0xa  Code  Gb  portserial.o [1]
pucSndBufferCur         0x2000a768     0x4  Data  Lc  mb2rtu.o [1]
pucSndBufferCur         0x2000a778     0x4  Data  Lc  mbrtu.o [1]
pvMB2FrameStartCur      0x2000a750     0x4  Data  Lc  mb2.o [1]
pvMBFrameCloseCur       0x2000a738     0x4  Data  Lc  mb.o [1]
pvMBFrameStartCur       0x2000a72c     0x4  Data  Lc  mb.o [1]
pvMBFrameStopCur        0x2000a730     0x4  Data  Lc  mb.o [1]
pxMB2FrameCBByteReceived
                        0x2000a758     0x4  Data  Gb  mb2.o [1]
pxMB2FrameCBTransmitterEmpty
                        0x2000a75c     0x4  Data  Gb  mb2.o [1]
pxMB2PortCBTimerExpired
                        0x2000a760     0x4  Data  Gb  mb2.o [1]
pxMB3FrameCBByteReceived
                        0x2000a76c     0x4  Data  Gb  mb3.o [1]
pxMB3FrameCBTransmitterEmpty
                        0x2000a770     0x4  Data  Gb  mb3.o [1]
pxMB3PortCBTimerExpired
                        0x2000a774     0x4  Data  Gb  mb3.o [1]
pxMBFrameCBByteReceived
                        0x2000a73c     0x4  Data  Gb  mb.o [1]
pxMBFrameCBTransmitterEmpty
                        0x2000a740     0x4  Data  Gb  mb.o [1]
pxMBPortCBTimerExpired  0x2000a744     0x4  Data  Gb  mb.o [1]
q_AT24CXX_Read          0x08005c2d    0x50  Code  Gb  24cxx.o [1]
q_AT24CXX_ReadOneByte   0x08005bbb    0x72  Code  Gb  24cxx.o [1]
q_AT24CXX_Write         0x08005aa3   0x118  Code  Gb  24cxx.o [1]
q_AT24CXX_Write_Bytes   0x08005a27    0x7c  Code  Gb  24cxx.o [1]
qh_double_valve_output  0x08002f11    0xf2  Code  Lc  dac.o [1]
qh_main_task            0x08001f2b   0x11e  Code  Gb  qihou.o [1]
qh_para_init            0x08005639   0x380  Code  Gb  qihou_para.o [1]
qh_pump_output          0x08003003    0x66  Code  Lc  dac.o [1]
qh_single_valve_output  0x08002eab    0x66  Code  Lc  dac.o [1]
qh_target_temp_hl_cmp   0x08001d79    0x34  Code  Gb  qihou.o [1]
reset_running_secs_update_flag
                        0x0800318b     0x8  Code  Gb  timer.o [1]
rx8025t_init            0x08006d6f    0x18  Code  Gb  rx8025.o [1]
rx8025t_read_data       0x08006ca5    0x5c  Code  Lc  rx8025.o [1]
rx8025t_set_time        0x08006d91    0xbe  Code  Gb  rx8025.o [1]
rx8025t_write_data      0x08006c5d    0x48  Code  Lc  rx8025.o [1]
set_running_secs_update_flag
                        0x08003183     0x8  Code  Lc  timer.o [1]
sp706s_feed             0x08005cd3    0x2a  Code  Gb  iwdg.o [1]
sp706s_init             0x08005cad    0x26  Code  Gb  iwdg.o [1]
sp706s_wdi_state        0x2000a7ec     0x1  Data  Lc  iwdg.o [1]
ucMB2Address            0x2000a7f3     0x1  Data  Lc  mb2.o [1]
ucMBAddress             0x2000a7ee     0x1  Data  Lc  mb.o [1]
ucMBSlaveID             0x2000a698    0x20  Data  Lc  mbfuncother.o [1]
ucRTU2Buf               0x2000a198   0x100  Data  Gb  mb2rtu.o [1]
ucRTUBuf                0x2000a298   0x100  Data  Gb  mbrtu.o [1]
update_outdoor_temp_loc
                        0x08001de1    0x14  Code  Lc  qihou.o [1]
update_qh_feedback      0x08001dad    0x14  Code  Lc  qihou.o [1]
update_qh_feedback_valueAndRegs
                        0x08001dfb    0x4c  Code  Gb  qihou.o [1]
update_water_feedback   0x08001dc7    0x14  Code  Lc  qihou.o [1]
usMBCRC16               0x080061a1    0x3c  Code  Gb  mbcrc.o [1]
usMBSlaveIDLen          0x2000a7e0     0x2  Data  Lc  mbfuncother.o [1]
usRcvBufferPos          0x2000a7de     0x2  Data  Lc  mb2rtu.o [1]
usRcvBufferPos          0x2000a7e4     0x2  Data  Lc  mbrtu.o [1]
usRegHoldingBuf         0x20008308   0x4b0  Data  Gb  my_modbus.o [1]
usRegHoldingStart       0x20000306     0x2  Data  Gb  my_modbus.o [1]
usRegInputBuf           0x2000a6f4    0x14  Data  Gb  my_modbus.o [1]
usRegInputStart         0x20000304     0x2  Data  Gb  my_modbus.o [1]
usSndBufferCount        0x2000a7dc     0x2  Data  Lc  mb2rtu.o [1]
usSndBufferCount        0x2000a7e2     0x2  Data  Lc  mbrtu.o [1]
vMB2PortSerialEnable    0x08004fbd    0x46  Code  Gb  port2serial.o [1]
vMB2PortTimersEnable    0x08003bd9    0x1e  Code  Gb  port2timer.o [1]
vMBPortSerialEnable     0x080060d1    0x46  Code  Gb  portserial.o [1]
vMBPortTimersDisable    0x08003893    0x1a  Code  Gb  porttimer.o [1]
vMBPortTimersEnable     0x0800386f    0x24  Code  Gb  porttimer.o [1]
variable_correction_calc
                        0x08002291    0x2e  Code  Gb  calculate.o [1]
voltage_convert_var_calc
                        0x08005271    0x36  Code  Lc  adc.o [1]
water_level_control     0x08001e47    0xe4  Code  Lc  qihou.o [1]
wrapper_main_task_init  0x08005627     0x8  Code  Gb  wrappers.o [1]
wrapper_para_init       0x0800561f     0x8  Code  Gb  wrappers.o [1]
wrapper_update_proj_dataAndRegs
                        0x08005615     0xa  Code  Gb  wrappers.o [1]
xEventInQueue           0x2000a807     0x1  Data  Lc  port2event.o [1]
xEventInQueue           0x2000a809     0x1  Data  Lc  portevent.o [1]
xFuncHandlers           0x20000200    0x80  Data  Lc  mb.o [1]
xMB2PortEventGet        0x0800505d    0x1e  Code  Gb  port2event.o [1]
xMB2PortEventInit       0x08005045     0xa  Code  Gb  port2event.o [1]
xMB2PortEventPost       0x0800504f     0xe  Code  Gb  port2event.o [1]
xMB2PortSerialGetByte   0x08005023    0x10  Code  Gb  port2serial.o [1]
xMB2PortSerialInit      0x08005003    0x14  Code  Gb  port2serial.o [1]
xMB2PortSerialPutByte   0x08005017     0xc  Code  Gb  port2serial.o [1]
xMB2RTUReceiveFSM       0x08004a13    0x80  Code  Gb  mb2rtu.o [1]
xMB2RTUTimerT35Expired  0x08004c11     0x4  Code  Gb  mb2rtu.o [1]
xMB2RTUTransmitFSM      0x08004b83    0x60  Code  Gb  mb2rtu.o [1]
xMBPortEventGet         0x08006409    0x1e  Code  Gb  portevent.o [1]
xMBPortEventInit        0x080063f1     0xa  Code  Gb  portevent.o [1]
xMBPortEventPost        0x080063fb     0xe  Code  Gb  portevent.o [1]
xMBPortSerialGetByte    0x08006157    0x10  Code  Gb  portserial.o [1]
xMBPortSerialInit       0x08006117    0x34  Code  Gb  portserial.o [1]
xMBPortSerialPutByte    0x0800614b     0xc  Code  Gb  portserial.o [1]
xMBPortTimersInit       0x0800380d    0x62  Code  Gb  porttimer.o [1]
xMBRTUReceiveFSM        0x08005f29    0x98  Code  Gb  mbrtu.o [1]
xMBRTUTimerT35Expired   0x08006039    0x64  Code  Gb  mbrtu.o [1]
xMBRTUTransmitFSM       0x08005fc1    0x78  Code  Gb  mbrtu.o [1]


[1] = D:\fzy\code\ST20-QH-HD5.1-v0.13\Debug\Obj
[2] = command line
[3] = dl7M_tlf.a
[4] = m7M_tl.a
[5] = rt7M_tl.a
[6] = shb_l.a

  33 688 bytes of readonly  code memory
   2 120 bytes of readonly  data memory
  43 015 bytes of readwrite data memory

Errors: none
Warnings: none
